BL51 BANKED LINKER/LOCATER V6.22.2.0                                                    10/26/2020  19:32:15  PAGE 1


BL51 BANKED LINKER/LOCATER V6.22.2.0, INVOKED BY:
C:\KEIL_V5\C51\BIN\BL51.EXE .\Output\HelloWorld.obj, .\Output\sys.obj, .\Output\acmp.obj, .\Output\adc.obj, .\Output\cap
>> ture.obj, .\Output\eeprom.obj, .\Output\exint.obj, .\Output\gpio.obj, .\Output\i2c.obj, .\Output\IAP.obj, .\Output\pd
>> ma.obj, .\Output\pinint.obj, .\Output\putchar.obj, .\Output\uart.obj, .\Output\vref.obj, .\Output\wdt.obj, .\Output\w
>> kt.obj, .\Output\delay.obj, .\Output\common.obj, .\Output\eeprom_sprom.obj, .\Output\lowpwer.obj, .\Output\power.obj,
>>  .\Output\pwm0.obj, .\Output\pwm123.obj, .\Output\rtc.obj, .\Output\TrimLIRC.obj, .\Output\uart2.obj, .\Output\uart3.
>> obj, .\Output\spi.obj, .\Output\STARTUP.obj TO .\Output\Project PRINT (.\LST\Project.m51) RAMSIZE (256) DISABLEWARNIN
>> G (16)


MEMORY MODEL: LARGE


INPUT MODULES INCLUDED:
  .\Output\HelloWorld.obj (HELLOWORLD)
  .\Output\sys.obj (SYS)
  .\Output\acmp.obj (ACMP)
  .\Output\adc.obj (ADC)
  .\Output\capture.obj (CAPTURE)
  .\Output\eeprom.obj (EEPROM)
  .\Output\exint.obj (EXINT)
  .\Output\gpio.obj (GPIO)
  .\Output\i2c.obj (I2C)
  .\Output\IAP.obj (IAP)
  .\Output\pdma.obj (PDMA)
  .\Output\pinint.obj (PININT)
  .\Output\putchar.obj (PUTCHAR)
  .\Output\uart.obj (UART)
  .\Output\vref.obj (VREF)
  .\Output\wdt.obj (WDT)
  .\Output\wkt.obj (WKT)
  .\Output\delay.obj (DELAY)
  .\Output\common.obj (COMMON)
  .\Output\eeprom_sprom.obj (EEPROM_SPROM)
  .\Output\lowpwer.obj (LOWPWER)
  .\Output\power.obj (POWER)
  .\Output\pwm0.obj (PWM0)
  .\Output\pwm123.obj (PWM123)
  .\Output\rtc.obj (RTC)
  .\Output\TrimLIRC.obj (TRIMLIRC)
  .\Output\uart2.obj (UART2)
  .\Output\uart3.obj (UART3)
  .\Output\spi.obj (SPI)
  .\Output\STARTUP.obj (?C_STARTUP)
  C:\KEIL_V5\C51\LIB\C51L.LIB (?C_INIT)
  C:\KEIL_V5\C51\LIB\C51L.LIB (?C?CLDOPTR)
  C:\KEIL_V5\C51\LIB\C51L.LIB (?C?CILDOPTR)
  C:\KEIL_V5\C51\LIB\C51L.LIB (?C?CSTOPTR)
  C:\KEIL_V5\C51\LIB\C51L.LIB (?C?IMUL)
  C:\KEIL_V5\C51\LIB\C51L.LIB (?C?UIDIV)
  C:\KEIL_V5\C51\LIB\C51L.LIB (?C?IILDX)
  C:\KEIL_V5\C51\LIB\C51L.LIB (?C?ISTPTR)
  C:\KEIL_V5\C51\LIB\C51L.LIB (?C?LMUL)
  C:\KEIL_V5\C51\LIB\C51L.LIB (?C?ULDIV)
  C:\KEIL_V5\C51\LIB\C51L.LIB (?C?ULSHR)
  C:\KEIL_V5\C51\LIB\C51L.LIB (?C?SLSHR)
  C:\KEIL_V5\C51\LIB\C51L.LIB (?C?LSTXDATA)
  C:\KEIL_V5\C51\LIB\C51L.LIB (?C?LSTKXDATA)
BL51 BANKED LINKER/LOCATER V6.22.2.0                                                  10/26/2020  19:32:15  PAGE 2


  C:\KEIL_V5\C51\LIB\C51L.LIB (?C?CCASE)
  C:\KEIL_V5\C51\LIB\C51L.LIB (?C?ICASE)
  C:\KEIL_V5\C51\LIB\C51L.LIB (PRINTF)
  C:\KEIL_V5\C51\LIB\C51L.LIB (?C?CLDPTR)
  C:\KEIL_V5\C51\LIB\C51L.LIB (?C?CSTPTR)
  C:\KEIL_V5\C51\LIB\C51L.LIB (?C?PLDIXDATA)
  C:\KEIL_V5\C51\LIB\C51L.LIB (?C?PSTXDATA)


LINK MAP OF MODULE:  .\Output\Project (HELLOWORLD)


            TYPE    BASE      LENGTH    RELOCATION   SEGMENT NAME
            -----------------------------------------------------

            * * * * * * *   D A T A   M E M O R Y   * * * * * * *
            REG     0000H     0008H     ABSOLUTE     "REG BANK 0"
            DATA    0008H     0005H     UNIT         _DATA_GROUP_
            DATA    000DH     0004H     UNIT         ?DT?_VREF_OPEN?VREF
            DATA    0011H     0003H     UNIT         ?DT?COMMON
            DATA    0014H     0002H     UNIT         ?DT?TRIMLIRC
                    0016H     000AH                  *** GAP ***
            BIT     0020H.0   0001H.1   UNIT         _BIT_GROUP_
            BIT     0021H.1   0000H.4   UNIT         ?BI?UART
            BIT     0021H.5   0000H.1   UNIT         ?BI?COMMON
            BIT     0021H.6   0000H.1   UNIT         ?BI?UART2
            BIT     0021H.7   0000H.1   UNIT         ?BI?UART3
            IDATA   0022H     0001H     UNIT         ?STACK

            * * * * * * *  X D A T A   M E M O R Y  * * * * * * *
            XDATA   0000H     0008H     UNIT         ?XD?_WRITE_DATAFLASH_ARRAY?EEPROM
            XDATA   0008H     0001H     ABSOLUTE     
            XDATA   0009H     009EH     UNIT         ?XD?IAP
            XDATA   00A7H     008AH     UNIT         ?XD?_WRITEDATATOONEPAGE?EEPROM
            XDATA   0131H     0089H     UNIT         ?XD?_WRITEDATATOSPONEPAGE?EEPROM_SPROM
            XDATA   01BAH     0080H     UNIT         ?XD?EEPROM
            XDATA   023AH     0028H     UNIT         _XDATA_GROUP_
            XDATA   0262H     000FH     UNIT         ?XD?RTC
            XDATA   0271H     000DH     UNIT         ?XD?_TIMER2_DELAY?DELAY
            XDATA   027EH     000CH     UNIT         ?XD?_TIMER3_DELAY?DELAY
            XDATA   028AH     000CH     UNIT         ?XD?TRIMLIRC
            XDATA   0296H     0009H     UNIT         ?XD?_READ_DATAFLASH_ARRAY?EEPROM
            XDATA   029FH     0009H     UNIT         ?XD?_I2C_OPEN?I2C
            XDATA   02A8H     0009H     UNIT         ?XD?_TIMER0_DELAY?DELAY
            XDATA   02B1H     0009H     UNIT         ?XD?_TIMER1_DELAY?DELAY
            XDATA   02BAH     0009H     UNIT         ?XD?_PWM0_CONFIGOUTPUTCHANNEL?PWM0
            XDATA   02C3H     0008H     UNIT         ?XD?_WRITE_SPROM_DATAFLASH_ARRAY?EEPROM_SPROM
            XDATA   02CBH     0008H     UNIT         ?XD?_UART2_OPEN?UART2
            XDATA   02D3H     0008H     UNIT         ?XD?_UART3_OPEN?UART3
            XDATA   02DBH     0007H     UNIT         ?XD?_READ_SPROM_DATAFLASH_ARRAY?EEPROM_SPROM
            XDATA   02E2H     0007H     UNIT         ?XD?_RTC_SETDATE?RTC
            XDATA   02E9H     0007H     UNIT         ?XD?_RTC_SETTIME?RTC
            XDATA   02F0H     0007H     UNIT         ?XD?_RTC_GETDATEANDTIME?RTC
            XDATA   02F7H     0007H     UNIT         ?XD?_RTC_GETALARMDATEANDTIME?RTC
            XDATA   02FEH     0006H     UNIT         ?XD?_ACMP_OPEN?ACMP
            XDATA   0304H     0006H     UNIT         ?XD?_WRITE_DATAFLASH_BYTE?EEPROM
            XDATA   030AH     0006H     UNIT         ?XD?_PWM123_CONFIGOUTPUTCHANNEL?PWM123
BL51 BANKED LINKER/LOCATER V6.22.2.0                                                  10/26/2020  19:32:15  PAGE 3


            XDATA   0310H     0005H     UNIT         ?XD?_PDMA_OPEN?PDMA
            XDATA   0315H     0005H     UNIT         ?XD?_GPIO_ENABLEINT?PININT
            XDATA   031AH     0005H     UNIT         ?XD?_RTC_SETALARMTIME?RTC
            XDATA   031FH     0005H     UNIT         ?XD?_SPI_OPEN?SPI
            XDATA   0324H     0004H     UNIT         ?XD?_LDROM_ERASE?IAP
            XDATA   0328H     0004H     UNIT         ?XD?_APROM_ERASE?IAP
            XDATA   032CH     0003H     UNIT         ?XD?_RTC_SETALARMDATE?RTC
            XDATA   032FH     0002H     UNIT         ?XD?_ADC_INITIALCONTINOUS?ADC
            XDATA   0331H     0002H     UNIT         ?XD?_LDROM_BLANK_CHECK?IAP
            XDATA   0333H     0002H     UNIT         ?XD?_LDROM_PROGRAM?IAP
            XDATA   0335H     0002H     UNIT         ?XD?_LDROM_READ_VERIFY?IAP
            XDATA   0337H     0002H     UNIT         ?XD?_APROM_BLANK_CHECK?IAP
            XDATA   0339H     0002H     UNIT         ?XD?_APROM_PROGRAM?IAP
            XDATA   033BH     0002H     UNIT         ?XD?_APROM_READ_VERIFY?IAP
            XDATA   033DH     0002H     UNIT         ?XD?UART
            XDATA   033FH     0002H     UNIT         ?XD?_WKT_OPEN?WKT
            XDATA   0341H     0001H     UNIT         ?XD?_GPIO_SETMODE?GPIO
            XDATA   0342H     0001H     UNIT         ?XD?_PWM123_CLOCKSOURCE?PWM123
            XDATA   0343H     0001H     UNIT         ?XD?UART2
            XDATA   0344H     0001H     UNIT         ?XD?UART3

            * * * * * * *   C O D E   M E M O R Y   * * * * * * *
            CODE    0000H     0003H     ABSOLUTE     
            CODE    0003H     0020H     UNIT         ?PR?POR_DISABLE?POWER
            CODE    0023H     0003H     ABSOLUTE     
            CODE    0026H     0051H     UNIT         ?PR?_CLOCKSWITCH?SYS
                    0077H     0004H                  *** GAP ***
            CODE    007BH     0003H     ABSOLUTE     
            CODE    007EH     000DH     UNIT         ?PR?RTC_INITIAL_RUN?RTC
            CODE    008BH     0003H     ABSOLUTE     
            CODE    008EH     000DH     UNIT         ?PR?RTC_INITIAL_PAUSE?RTC
            CODE    009BH     0003H     ABSOLUTE     
            CODE    009EH     0015H     UNIT         ?PR?_TIMER2_CAPTURE_INTERRUPT?CAPTURE
            CODE    00B3H     0003H     ABSOLUTE     
            CODE    00B6H     044CH     UNIT         ?PR?_RTC_GETALARMDATEANDTIME?RTC
            CODE    0502H     0445H     UNIT         ?PR?_RTC_GETDATEANDTIME?RTC
            CODE    0947H     0365H     UNIT         ?PR?PRINTF?PRINTF
            CODE    0CACH     0344H     UNIT         ?PR?_GPIO_ENABLEINT?PININT
            CODE    0FF0H     033DH     UNIT         ?C?LIB_CODE
            CODE    132DH     02F8H     UNIT         ?PR?_WRITEDATATOSPONEPAGE?EEPROM_SPROM
            CODE    1625H     02DAH     UNIT         ?PR?_ADC_OPEN?ADC
            CODE    18FFH     02A3H     UNIT         ?PR?_WRITEDATATOONEPAGE?EEPROM
            CODE    1BA2H     0275H     UNIT         ?PR?_PWM0_CONFIGOUTPUTCHANNEL?PWM0
            CODE    1E17H     0198H     UNIT         ?PR?_PWM123_CLOCKSOURCE?PWM123
            CODE    1FAFH     017DH     UNIT         ?PR?_UART_OPEN?UART
            CODE    212CH     0179H     UNIT         ?PR?_WRITE_DATAFLASH_BYTE?EEPROM
            CODE    22A5H     0151H     UNIT         ?PR?_TIMER2_DELAY?DELAY
            CODE    23F6H     0145H     UNIT         ?PR?_TIMER3_DELAY?DELAY
            CODE    253BH     0120H     UNIT         ?PR?_FSYSSELECT?SYS
            CODE    265BH     0113H     UNIT         ?PR?_PWM123_CONFIGOUTPUTCHANNEL?PWM123
            CODE    276EH     00FFH     UNIT         ?PR?_WKT_OPEN?WKT
            CODE    286DH     00F4H     UNIT         ?PR?_WDT_OPEN?WDT
            CODE    2961H     00F1H     UNIT         ?PR?_RTC_SETDATE?RTC
            CODE    2A52H     00ECH     UNIT         ?PR?_RTC_SETTIME?RTC
            CODE    2B3EH     00E3H     UNIT         ?PR?_TIMER0_DELAY?DELAY
            CODE    2C21H     00DEH     UNIT         ?PR?_TIMER1_DELAY?DELAY
            CODE    2CFFH     00D2H     UNIT         ?PR?_TIMER2_CAPTURE?CAPTURE
BL51 BANKED LINKER/LOCATER V6.22.2.0                                                  10/26/2020  19:32:15  PAGE 4


            CODE    2DD1H     00CDH     UNIT         ?PR?_LDROM_ERASE?IAP
            CODE    2E9EH     00CDH     UNIT         ?PR?_APROM_ERASE?IAP
            CODE    2F6BH     00CCH     UNIT         ?PR?_GPIO_SETMODE?GPIO
            CODE    3037H     00C9H     UNIT         ?PR?_WRITE_SPROM_DATAFLASH_ARRAY?EEPROM_SPROM
            CODE    3100H     00C2H     UNIT         ?PR?_PDMA_OPEN?PDMA
            CODE    31C2H     00C1H     UNIT         ?PR?_WRITE_DATAFLASH_ARRAY?EEPROM
            CODE    3283H     00BDH     UNIT         ?PR?_CLOCKENABLE?SYS
            CODE    3340H     00BBH     UNIT         ?PR?_VREF_RELOAD?VREF
            CODE    33FBH     00B4H     UNIT         ?PR?_LDROM_PROGRAM?IAP
            CODE    34AFH     00B4H     UNIT         ?PR?_APROM_PROGRAM?IAP
            CODE    3563H     00B4H     UNIT         ?PR?_UART3_OPEN?UART3
            CODE    3617H     00AEH     UNIT         ?PR?_UART2_OPEN?UART2
            CODE    36C5H     00A2H     UNIT         ?PR?_RTC_SETALARMDATE?RTC
            CODE    3767H     00A1H     UNIT         ?PR?TRIM_LIRC?TRIMLIRC
            CODE    3808H     009BH     UNIT         ?PR?_GPIO_PULL_DISABLE?GPIO
            CODE    38A3H     009AH     UNIT         ?C_C51STARTUP
            CODE    393DH     0098H     UNIT         ?PR?_SPI_OPEN?SPI
            CODE    39D5H     0093H     UNIT         ?PR?_RTC_SETALARMTIME?RTC
            CODE    3A68H     008FH     UNIT         ?PR?_APROM_READ_VERIFY?IAP
            CODE    3AF7H     0087H     UNIT         ?PR?_GPIO_PULL_ENABLE?GPIO
            CODE    3B7EH     0087H     UNIT         ?PR?_LDROM_READ_VERIFY?IAP
            CODE    3C05H     0084H     UNIT         ?PR?_CLOCKDISABLE?SYS
            CODE    3C89H     007EH     UNIT         ?PR?_LDROM_BLANK_CHECK?IAP
            CODE    3D07H     007DH     UNIT         ?PR?_APROM_BLANK_CHECK?IAP
            CODE    3D84H     0077H     UNIT         ?PR?READ_BANDGAP?ADC
            CODE    3DFBH     006FH     UNIT         ?PR?_VREF_OPEN?VREF
            CODE    3E6AH     006EH     UNIT         ?PR?_PWM0_CLOCKSOURCE?PWM0
            CODE    3ED8H     006EH     UNIT         ?PR?_PWM1_CLOCKSOURCE?PWM0
            CODE    3F46H     006DH     UNIT         ?PR?_ACMP_OPEN?ACMP
            CODE    3FB3H     006BH     UNIT         ?PR?_READ_SPROM_DATAFLASH_ARRAY?EEPROM_SPROM
            CODE    401EH     006BH     UNIT         ?PR?WAKEUP_TIMER_ISR?TRIMLIRC
            CODE    4089H     006AH     UNIT         ?PR?_I2C_OPEN?I2C
            CODE    40F3H     006AH     UNIT         ?PR?UCID_READ?IAP
            CODE    415DH     0069H     UNIT         ?PR?UID_READ?IAP
            CODE    41C6H     0069H     UNIT         ?PR?DID_READ?IAP
            CODE    422FH     0068H     UNIT         ?PR?_READ_DATAFLASH_ARRAY?EEPROM
            CODE    4297H     0066H     UNIT         ?PR?_PDMA_MTM_DESTINATIONADDRESS?PDMA
            CODE    42FDH     0063H     UNIT         ?PR?_ADC_ENABLEHWTRIGGER?ADC
            CODE    4360H     005CH     UNIT         ?PR?FSYSSWITCHERROR?SYS
            CODE    43BCH     005CH     UNIT         ?PR?_PWM0_DEADZONEENABLE?PWM0
            CODE    4418H     0057H     UNIT         ?PR?_I2C_SETSLAVEADDRMASK?I2C
            CODE    446FH     004FH     UNIT         ?PR?SPROM_CHECKSUM_READ?IAP
            CODE    44BEH     004EH     UNIT         ?PR?_APROM_CHECKSUM_RUN?IAP
            CODE    450CH     004EH     UNIT         ?PR?_APROM_CHECKSUM_READ?IAP
            CODE    455AH     004EH     UNIT         ?PR?_LDROM_CHECKSUM_RUN?IAP
            CODE    45A8H     004EH     UNIT         ?PR?_LDROM_CHECKSUM_READ?IAP
            CODE    45F6H     004AH     UNIT         ?PR?SPROM_CHECKSUM_RUN?IAP
            CODE    4640H     0044H     UNIT         ?PR?_EXTERNPININTERRUPT_ENABLE?EXINT
            CODE    4684H     003CH     UNIT         ?PR?MAIN?HELLOWORLD
            CODE    46C0H     003CH     UNIT         ?PR?_PDMA_INTERRUPT_ENABLE?PDMA
            CODE    46FCH     0033H     UNIT         ?PR?_PDMA_CLOSE?PDMA
            CODE    472FH     0033H     UNIT         ?PR?_SPI_READ_BYTE?SPI
            CODE    4762H     0032H     UNIT         ?PR?LOWPOWER_LIRC_UART2_9600_INIT?LOWPWER
            CODE    4794H     0032H     UNIT         ?PR?LOWPOWER_LIRC_UART2_4800_INIT?LOWPWER
            CODE    47C6H     0031H     UNIT         ?PR?ENABLE_UART0_VCOM_PRINTF?UART
            CODE    47F7H     002EH     UNIT         ?PR?_ADC_INTERRUPT?ADC
            CODE    4825H     002DH     UNIT         ?PR?_ADC_INITIALCONTINOUS?ADC
BL51 BANKED LINKER/LOCATER V6.22.2.0                                                  10/26/2020  19:32:15  PAGE 5


            CODE    4852H     002DH     UNIT         ?PR?_UART_INTERRUPT_ENABLE?UART
            CODE    487FH     002DH     UNIT         ?PR?_RTC_INTERRUPT_ENABLE?RTC
            CODE    48ACH     002AH     UNIT         ?PR?_PDMA_RUN?PDMA
            CODE    48D6H     002AH     UNIT         ?PR?_READ_SPROM_BYTE?EEPROM_SPROM
            CODE    4900H     0028H     UNIT         ?PR?_BOD_ENABLE?POWER
            CODE    4928H     0028H     UNIT         ?PR?_SPI_WRITE_BYTE?SPI
            CODE    4950H     0026H     UNIT         ?PR?UART1_ISR?UART
            CODE    4976H     0025H     UNIT         ?PR?_ACMP_DISABLE?ACMP
            CODE    499BH     0024H     UNIT         ?PR?_TIMER_INTERRUPT_ENABLE?DELAY
            CODE    49BFH     0024H     UNIT         ?PR?TRIM_LIRC_32768?TRIMLIRC
            CODE    49E3H     0021H     UNIT         ?PR?_UART_SEND_DATA?UART
            CODE    4A04H     0020H     UNIT         ?PR?LVR_DISABLE?POWER
            CODE    4A24H     0020H     UNIT         ?PR?LOWPOWERLVR_ENABLE?POWER
            CODE    4A44H     0020H     UNIT         ?PR?_SPI_INTERRUPT?SPI
            CODE    4A64H     001FH     UNIT         ?PR?UART0_ISR?UART
            CODE    4A83H     001FH     UNIT         ?PR?TIMER2_INITIAL_START?TRIMLIRC
            CODE    4AA2H     001EH     UNIT         ?PR?_UART_RECEIVE_DATA?UART
            CODE    4AC0H     001DH     UNIT         ?PR?UART0_LIRC_BAUDRATE2400_OPEN?LOWPWER
            CODE    4ADDH     001DH     UNIT         ?PR?_BOD_LOWPOWER_ENABLE?POWER
            CODE    4AFAH     001DH     UNIT         ?PR?UART3_RECEIVE_DATA?UART3
            CODE    4B17H     001CH     UNIT         ?PR?_ACMP_CRVVALUE?ACMP
            CODE    4B33H     001CH     UNIT         ?PR?SMC0_ISR?UART2
            CODE    4B4FH     001CH     UNIT         ?PR?SMC1_ISR?UART3
            CODE    4B6BH     001BH     UNIT         ?PR?_ACMP_INTENABLE?ACMP
            CODE    4B86H     001BH     UNIT         ?PR?_ADC_SAMPLINGTIME?ADC
            CODE    4BA1H     001BH     UNIT         ?PR?_RTC_INTERRUPT_DISABLE?RTC
            CODE    4BBCH     0018H     UNIT         ?PR?_I2C_ENABLEINT?I2C
            CODE    4BD4H     0018H     UNIT         ?PR?_I2C_DISABLEINT?I2C
            CODE    4BECH     0017H     UNIT         ?PR?SW_RESET?SYS
            CODE    4C03H     0017H     UNIT         ?PR?_LOWPOWER_UART2_SEND_DATA?LOWPWER
            CODE    4C1AH     0017H     UNIT         ?PR?BOD_DISABLE?POWER
            CODE    4C31H     0017H     UNIT         ?PR?POR_ENABLE?POWER
            CODE    4C48H     0017H     UNIT         ?PR?LVR_ENABLE?POWER
            CODE    4C5FH     0016H     UNIT         ?PR?_RTC_CLOCK_SELECT?RTC
            CODE    4C75H     0015H     UNIT         ?PR?_WDT_INTERRUPT?WDT
            CODE    4C8AH     0015H     UNIT         ?PR?_UART2_SEND_DATA?UART2
            CODE    4C9FH     0014H     UNIT         ?PR?_WKT_INTERRUPT?WKT
            CODE    4CB3H     0014H     UNIT         ?PR?_UART3_SEND_DATA?UART3
            CODE    4CC7H     0013H     UNIT         ?PR?_I2C_GETSTATUS?I2C
            CODE    4CDAH     0013H     UNIT         ?PR?_I2C_SLAVE_ADDRESS_MASK_DISABLE?I2C
            CODE    4CEDH     0012H     UNIT         ?PR?_I2C_CLOSE?I2C
            CODE    4CFFH     0012H     UNIT         ?PR?_I2C_ENABLETIMEOUT?I2C
            CODE    4D11H     0012H     UNIT         ?PR?_I2C_DISABLETIMEOUT?I2C
            CODE    4D23H     0012H     UNIT         ?PR?_I2C_CLEARTIMEOUTFLAG?I2C
            CODE    4D35H     0012H     UNIT         ?PR?WKT_INITIAL_START?TRIMLIRC
            CODE    4D47H     0011H     UNIT         ?PR?_I2C_SLAVE_ADDRESS_MASK_ENABLE?I2C
            CODE    4D58H     0011H     UNIT         ?PR?PWM0_DEADZONE_ALL_DISABLE?PWM0
            CODE    4D69H     0011H     UNIT         ?PR?UART2_RECEIVE_ONE_BYTE?UART2
            CODE    4D7AH     000FH     UNIT         ?CO?HELLOWORLD
            CODE    4D89H     000FH     UNIT         ?C_INITSEG
            CODE    4D98H     0008H     UNIT         ?PR?_PUTCHAR?PUTCHAR
            CODE    4DA0H     0008H     UNIT         ?PR?_READ_APROM_BYTE?COMMON
            CODE    4DA8H     0007H     UNIT         ?PR?ADC_CLOSE?ADC
            CODE    4DAFH     0007H     UNIT         ?PR?ADC_DISABLEHWTRIGGER?ADC
            CODE    4DB6H     0007H     UNIT         ?PR?WKT_CLOSE?WKT
            CODE    4DBDH     0007H     UNIT         ?PR?ONESTOP_9600?LOWPWER
            CODE    4DC4H     0007H     UNIT         ?PR?TWOSTOP_9600?LOWPWER
BL51 BANKED LINKER/LOCATER V6.22.2.0                                                  10/26/2020  19:32:15  PAGE 6


            CODE    4DCBH     0007H     UNIT         ?PR?PWM0_RUN?PWM0
            CODE    4DD2H     0007H     UNIT         ?PR?PWM0_STOP?PWM0
            CODE    4DD9H     0006H     UNIT         ?PR?_RTC_RWEN_?RTC



OVERLAY MAP OF MODULE:   .\Output\Project (HELLOWORLD)


SEGMENT                                             BIT_GROUP          DATA_GROUP          XDATA_GROUP
  +--> CALLED SEGMENT                            START    LENGTH     START    LENGTH     START    LENGTH
--------------------------------------------------------------------------------------------------------
?PR?WAKEUP_TIMER_ISR?TRIMLIRC                    -----    -----      -----    -----      -----    -----
  +--> ?PR?WKT_INITIAL_START?TRIMLIRC

*** NEW ROOT ***************************************************

?C_C51STARTUP                                    -----    -----      -----    -----      -----    -----
  +--> ?PR?MAIN?HELLOWORLD
  +--> ?C_INITSEG

?PR?MAIN?HELLOWORLD                              -----    -----      -----    -----      -----    -----
  +--> ?PR?_UART_OPEN?UART
  +--> ?CO?HELLOWORLD
  +--> ?PR?PRINTF?PRINTF

?PR?_UART_OPEN?UART                              -----    -----      -----    -----      023AH    0009H

?PR?PRINTF?PRINTF                                0020H.0  0001H.1    0008H    0005H      023AH    0028H
  +--> ?PR?_PUTCHAR?PUTCHAR



SYMBOL TABLE OF MODULE:  .\Output\Project (HELLOWORLD)

  VALUE           TYPE          NAME
  ----------------------------------

  -------         MODULE        HELLOWORLD
  C:0000H         SYMBOL        _ICE_DUMMY_
  D:0080H         PUBLIC        P0
  D:0090H         PUBLIC        P1
  D:00C2H         PUBLIC        P3M1
  D:00A0H         PUBLIC        P2
  D:00C3H         PUBLIC        P3M2
  D:00B0H         PUBLIC        P3
  D:00D8H         PUBLIC        P4
  D:00A8H         PUBLIC        IE
  D:00B8H         PUBLIC        IP
  C:4684H         PUBLIC        main
  D:0098H         PUBLIC        SCON
  D:0088H         PUBLIC        TCON
  D:0091H         PUBLIC        SFRS
  D:00C0H         PUBLIC        I2C0CON
  D:00E8H         PUBLIC        I2C1CON
  D:00F8H         PUBLIC        S1CON
  D:00C8H         PUBLIC        T2CON
BL51 BANKED LINKER/LOCATER V6.22.2.0                                                  10/26/2020  19:32:15  PAGE 7


  D:00F6H         PUBLIC        P3MF10
  D:00D0H         PUBLIC        PSW
  -------         PROC          MAIN
  C:4684H         LINE#         19
  C:4684H         LINE#         20
  C:4684H         LINE#         25
  C:468DH         LINE#         26
  C:4696H         LINE#         27
  C:46AFH         LINE#         28
  C:46B4H         LINE#         30
  C:46BDH         LINE#         31
  -------         ENDPROC       MAIN
  -------         ENDMOD        HELLOWORLD

  -------         MODULE        SYS
  C:0000H         SYMBOL        _ICE_DUMMY_
  D:0080H         PUBLIC        P0
  D:0090H         PUBLIC        P1
  D:00A0H         PUBLIC        P2
  D:00B0H         PUBLIC        P3
  D:00D8H         PUBLIC        P4
  B:00A8H.7       PUBLIC        EA
  C:253BH         PUBLIC        _FsysSelect
  D:00A8H         PUBLIC        IE
  D:0096H         PUBLIC        CKSWT
  C:4BECH         PUBLIC        SW_Reset
  D:00C7H         PUBLIC        TA
  D:00B8H         PUBLIC        IP
  D:0097H         PUBLIC        CKEN
  C:3C05H         PUBLIC        _ClockDisable
  C:4360H         PUBLIC        FsysSwitchError
  D:0098H         PUBLIC        SCON
  D:0088H         PUBLIC        TCON
  C:3283H         PUBLIC        _ClockEnable
  D:009FH         PUBLIC        CHPCON
  D:0091H         PUBLIC        SFRS
  D:00C0H         PUBLIC        I2C0CON
  D:00E8H         PUBLIC        I2C1CON
  D:00F8H         PUBLIC        S1CON
  C:0026H         PUBLIC        _ClockSwitch
  D:00C8H         PUBLIC        T2CON
  D:00D0H         PUBLIC        PSW
  -------         PROC          FSYSSWITCHERROR
  C:4360H         LINE#         14
  C:4360H         LINE#         15
  C:4360H         LINE#         16
  C:4376H         LINE#         17
  C:437CH         LINE#         18
  C:4392H         LINE#         19
  C:43A7H         LINE#         20
  C:43BAH         LINE#         21
  C:43BBH         LINE#         22
  -------         ENDPROC       FSYSSWITCHERROR
  -------         PROC          _FSYSSELECT
  D:0007H         SYMBOL        u8FsysMode
  C:253BH         LINE#         37
  C:253BH         LINE#         38
BL51 BANKED LINKER/LOCATER V6.22.2.0                                                  10/26/2020  19:32:15  PAGE 8


  C:253BH         LINE#         39
  C:2555H         LINE#         40
  C:2555H         LINE#         42
  C:2555H         LINE#         43
  C:255AH         LINE#         44
  C:255FH         LINE#         45
  C:2564H         LINE#         46
  C:2569H         LINE#         47
  C:2571H         LINE#         48
  C:2574H         LINE#         49
  C:258AH         LINE#         51
  C:258BH         LINE#         53
  C:258BH         LINE#         54
  C:2590H         LINE#         55
  C:2595H         LINE#         56
  C:259AH         LINE#         57
  C:259FH         LINE#         58
  C:25AAH         LINE#         59
  C:25ADH         LINE#         62
  C:25AEH         LINE#         65
  C:25AEH         LINE#         66
  C:25B3H         LINE#         67
  C:25B8H         LINE#         68
  C:25CEH         LINE#         69
  C:25CFH         LINE#         72
  C:25CFH         LINE#         75
  C:25D4H         LINE#         76
  C:25D9H         LINE#         77
  C:25E1H         LINE#         78
  C:25E4H         LINE#         79
  C:25FAH         LINE#         82
  C:260FH         LINE#         85
  C:2610H         LINE#         88
  C:2610H         LINE#         89
  C:2615H         LINE#         90
  C:261AH         LINE#         91
  C:261FH         LINE#         92
  C:2624H         LINE#         93
  C:262CH         LINE#         94
  C:262FH         LINE#         95
  C:2645H         LINE#         96
  C:265AH         LINE#         97
  C:265AH         LINE#         98
  C:265AH         LINE#         99
  -------         ENDPROC       _FSYSSELECT
  -------         PROC          _CLOCKENABLE
  D:0007H         SYMBOL        u8FsysMode
  C:3283H         LINE#         101
  C:3283H         LINE#         102
  C:3283H         LINE#         103
  C:329AH         LINE#         104
  C:329AH         LINE#         106
  C:329AH         LINE#         107
  C:32B0H         LINE#         108
  C:32BDH         LINE#         109
  C:32BEH         LINE#         111
  C:32BEH         LINE#         112
BL51 BANKED LINKER/LOCATER V6.22.2.0                                                  10/26/2020  19:32:15  PAGE 9


  C:32D4H         LINE#         113
  C:32DEH         LINE#         114
  C:32DFH         LINE#         116
  C:32DFH         LINE#         117
  C:32F5H         LINE#         118
  C:32FFH         LINE#         119
  C:3300H         LINE#         121
  C:3300H         LINE#         122
  C:3316H         LINE#         123
  C:3320H         LINE#         124
  C:3321H         LINE#         126
  C:3321H         LINE#         127
  C:3337H         LINE#         128
  C:333FH         LINE#         129
  C:333FH         LINE#         130
  C:333FH         LINE#         131
  -------         ENDPROC       _CLOCKENABLE
  -------         PROC          _CLOCKDISABLE
  D:0007H         SYMBOL        u8FsysMode
  C:3C05H         LINE#         133
  C:3C05H         LINE#         134
  C:3C05H         LINE#         135
  C:3C16H         LINE#         136
  C:3C16H         LINE#         138
  C:3C16H         LINE#         139
  C:3C2CH         LINE#         140
  C:3C2DH         LINE#         142
  C:3C2DH         LINE#         143
  C:3C43H         LINE#         144
  C:3C44H         LINE#         146
  C:3C44H         LINE#         147
  C:3C5AH         LINE#         148
  C:3C5BH         LINE#         150
  C:3C5BH         LINE#         151
  C:3C71H         LINE#         152
  C:3C72H         LINE#         154
  C:3C72H         LINE#         155
  C:3C88H         LINE#         156
  C:3C88H         LINE#         157
  C:3C88H         LINE#         158
  -------         ENDPROC       _CLOCKDISABLE
  -------         PROC          _CLOCKSWITCH
  D:0007H         SYMBOL        u8FsysMode
  C:0026H         LINE#         160
  C:0026H         LINE#         161
  C:0026H         LINE#         162
  C:002CH         LINE#         163
  C:003DH         LINE#         164
  C:003DH         LINE#         166
  C:003DH         LINE#         167
  C:0046H         LINE#         168
  C:0048H         LINE#         170
  C:0048H         LINE#         171
  C:0051H         LINE#         172
  C:0053H         LINE#         174
  C:0053H         LINE#         175
  C:005CH         LINE#         176
BL51 BANKED LINKER/LOCATER V6.22.2.0                                                  10/26/2020  19:32:15  PAGE 10


  C:005EH         LINE#         178
  C:005EH         LINE#         179
  C:0067H         LINE#         180
  C:0069H         LINE#         182
  C:0069H         LINE#         183
  C:0072H         LINE#         184
  C:0072H         LINE#         185
  C:0072H         LINE#         186
  C:0076H         LINE#         187
  -------         ENDPROC       _CLOCKSWITCH
  -------         PROC          SW_RESET
  C:4BECH         LINE#         193
  C:4BECH         LINE#         194
  C:4BECH         LINE#         195
  C:4C02H         LINE#         196
  -------         ENDPROC       SW_RESET
  -------         ENDMOD        SYS

  -------         MODULE        ACMP
  C:0000H         SYMBOL        _ICE_DUMMY_
  D:0080H         PUBLIC        P0
  D:0090H         PUBLIC        P1
  D:00A0H         PUBLIC        P2
  D:00B0H         PUBLIC        P3
  D:00D8H         PUBLIC        P4
  D:00A8H         PUBLIC        IE
  C:3F46H         PUBLIC        _ACMP_Open
  D:00B8H         PUBLIC        IP
  D:0098H         PUBLIC        SCON
  D:0088H         PUBLIC        TCON
  C:4B6BH         PUBLIC        _ACMP_INTEnable
  C:4976H         PUBLIC        _ACMP_Disable
  D:0091H         PUBLIC        SFRS
  D:00D4H         PUBLIC        ACMPSR
  D:00C0H         PUBLIC        I2C0CON
  D:00E8H         PUBLIC        I2C1CON
  D:00D5H         PUBLIC        ACMPVREF
  D:00F8H         PUBLIC        S1CON
  D:00C8H         PUBLIC        T2CON
  D:00D2H         PUBLIC        ACMPCR0
  D:00D3H         PUBLIC        ACMPCR1
  D:00ABH         PUBLIC        ACMPCR2
  C:4B17H         PUBLIC        _ACMP_CRVValue
  D:00D0H         PUBLIC        PSW
  -------         PROC          _ACMP_OPEN
  D:0007H         SYMBOL        u8ACMPNum
  D:0005H         SYMBOL        u8PosSrc
  D:0003H         SYMBOL        u8NegSrc
  X:0301H         SYMBOL        u8CVRSource
  X:0302H         SYMBOL        u8ACMPOut
  X:0303H         SYMBOL        u8HysteresisEn
  C:3F46H         LINE#         31
  C:3F46H         LINE#         32
  C:3F46H         LINE#         33
  C:3F4BH         LINE#         34
  C:3F56H         LINE#         35
  C:3F5DH         LINE#         36
BL51 BANKED LINKER/LOCATER V6.22.2.0                                                  10/26/2020  19:32:15  PAGE 11


  C:3F5DH         LINE#         37
  C:3F86H         LINE#         38
  C:3FB2H         LINE#         39
  C:3FB2H         LINE#         40
  -------         ENDPROC       _ACMP_OPEN
  -------         PROC          _ACMP_DISABLE
  D:0007H         SYMBOL        u8ACMPNum
  D:0005H         SYMBOL        u8ACMPOut
  C:4976H         LINE#         53
  C:4976H         LINE#         54
  C:4976H         LINE#         55
  C:497DH         LINE#         56
  C:497DH         LINE#         57
  C:498CH         LINE#         58
  C:499AH         LINE#         59
  C:499AH         LINE#         60
  -------         ENDPROC       _ACMP_DISABLE
  -------         PROC          _ACMP_INTENABLE
  D:0007H         SYMBOL        u8ACMPNum
  D:0005H         SYMBOL        u8ACMPWakeEn
  D:0003H         SYMBOL        u8ACMPINTEn
  C:4B6BH         LINE#         75
  C:4B6BH         LINE#         76
  C:4B6BH         LINE#         77
  C:4B72H         LINE#         78
  C:4B72H         LINE#         79
  C:4B7BH         LINE#         80
  C:4B82H         LINE#         81
  C:4B82H         LINE#         82
  C:4B85H         LINE#         83
  -------         ENDPROC       _ACMP_INTENABLE
  -------         PROC          _ACMP_CRVVALUE
  D:0007H         SYMBOL        u8ACMPNum
  D:0005H         SYMBOL        u8ACMPValue
  C:4B17H         LINE#         94
  C:4B17H         LINE#         95
  C:4B17H         LINE#         96
  C:4B1EH         LINE#         97
  C:4B1EH         LINE#         98
  C:4B27H         LINE#         99
  C:4B32H         LINE#         100
  C:4B32H         LINE#         101
  -------         ENDPROC       _ACMP_CRVVALUE
  -------         ENDMOD        ACMP

  -------         MODULE        ADC
  C:0000H         SYMBOL        _ICE_DUMMY_
  D:00F4H         PUBLIC        P2MF54
  D:0080H         PUBLIC        P0
  D:00B5H         PUBLIC        P2M1
  D:0090H         PUBLIC        P1
  D:00C2H         PUBLIC        P3M1
  D:00B6H         PUBLIC        P2M2
  D:00A0H         PUBLIC        P2
  D:00C3H         PUBLIC        P3M2
  D:00B0H         PUBLIC        P3
  D:00F5H         PUBLIC        P2MF76
BL51 BANKED LINKER/LOCATER V6.22.2.0                                                  10/26/2020  19:32:15  PAGE 12


  D:0094H         PUBLIC        P6MF54
  D:00D8H         PUBLIC        P4
  D:0084H         PUBLIC        P6M1
  B:00A8H.7       PUBLIC        EA
  D:0085H         PUBLIC        P6M2
  D:0095H         PUBLIC        P6MF76
  D:00A8H         PUBLIC        IE
  D:00E4H         PUBLIC        ADCBAH
  D:00C7H         PUBLIC        TA
  D:00CBH         PUBLIC        ADCBAL
  D:00B8H         PUBLIC        IP
  C:4DA8H         PUBLIC        ADC_Close
  D:00CEH         PUBLIC        AINDIDS0
  D:00CEH         PUBLIC        AINDIDS1
  D:00E3H         PUBLIC        ADCDLY
  D:0098H         PUBLIC        SCON
  D:0088H         PUBLIC        TCON
  D:009FH         PUBLIC        CHPCON
  C:1625H         PUBLIC        _ADC_Open
  D:0091H         PUBLIC        SFRS
  C:4825H         PUBLIC        _ADC_InitialContinous
  D:00A4H         PUBLIC        IAPTRG
  D:00C0H         PUBLIC        I2C0CON
  D:00E8H         PUBLIC        I2C1CON
  D:00A1H         PUBLIC        ADCCON0
  D:00E1H         PUBLIC        ADCCON1
  C:4DAFH         PUBLIC        ADC_DisableHWTrigger
  D:00E2H         PUBLIC        ADCCON2
  D:00A7H         PUBLIC        IAPAH
  D:00F8H         PUBLIC        S1CON
  D:00AEH         PUBLIC        IAPFD
  D:00C8H         PUBLIC        T2CON
  D:00A6H         PUBLIC        IAPAL
  D:00E5H         PUBLIC        ADCSN
  D:00AFH         PUBLIC        IAPCN
  C:3D84H         PUBLIC        READ_BANDGAP
  C:42FDH         PUBLIC        _ADC_EnableHWTrigger
  D:00E7H         PUBLIC        ADCSR
  D:00F2H         PUBLIC        P2MF10
  D:00F6H         PUBLIC        P3MF10
  D:00D0H         PUBLIC        PSW
  D:00F3H         PUBLIC        P2MF32
  C:4B86H         PUBLIC        _ADC_SamplingTime
  D:00F7H         PUBLIC        P3MF32
  C:47F7H         PUBLIC        _ADC_Interrupt
  -------         PROC          _ADC_OPEN
  D:0006H         SYMBOL        u8ADCOpMode
  D:0005H         SYMBOL        u8ADCChMask
  C:1625H         LINE#         29
  C:1625H         LINE#         30
  C:1625H         LINE#         31
  C:1630H         LINE#         32
  C:1630H         LINE#         33
  C:1638H         LINE#         34
  C:163EH         LINE#         35
  C:163EH         LINE#         36
  C:163EH         LINE#         38
BL51 BANKED LINKER/LOCATER V6.22.2.0                                                  10/26/2020  19:32:15  PAGE 13


  C:1681H         LINE#         39
  C:1681H         LINE#         40
  C:16A7H         LINE#         41
  C:16D0H         LINE#         42
  C:16F9H         LINE#         43
  C:1722H         LINE#         44
  C:174BH         LINE#         45
  C:1774H         LINE#         46
  C:179DH         LINE#         47
  C:17C6H         LINE#         48
  C:17F1H         LINE#         49
  C:181CH         LINE#         50
  C:1847H         LINE#         51
  C:1872H         LINE#         52
  C:189CH         LINE#         53
  C:18C6H         LINE#         54
  C:18DEH         LINE#         55
  C:18ECH         LINE#         56
  C:18F8H         LINE#         57
  C:18F8H         LINE#         58
  C:18F8H         LINE#         59
  C:18FEH         LINE#         61
  -------         ENDPROC       _ADC_OPEN
  -------         PROC          ADC_CLOSE
  C:4DA8H         LINE#         68
  C:4DA8H         LINE#         69
  C:4DA8H         LINE#         70
  C:4DAEH         LINE#         71
  -------         ENDPROC       ADC_CLOSE
  -------         PROC          _ADC_INITIALCONTINOUS
  X:032FH         SYMBOL        u16ADCRBase
  D:0005H         SYMBOL        u8ADCRLength
  D:0003H         SYMBOL        u8ADCSpeed
  C:4825H         LINE#         84
  C:482DH         LINE#         85
  C:482DH         LINE#         86
  C:4830H         LINE#         87
  C:4833H         LINE#         88
  C:4839H         LINE#         89
  C:483DH         LINE#         90
  C:4844H         LINE#         91
  C:4844H         LINE#         92
  C:484BH         LINE#         93
  C:4851H         LINE#         94
  C:4851H         LINE#         95
  C:4851H         LINE#         96
  -------         ENDPROC       _ADC_INITIALCONTINOUS
  -------         PROC          _ADC_SAMPLINGTIME
  D:0007H         SYMBOL        u8ADCDIV
  D:0005H         SYMBOL        u8ADCAQT
  C:4B86H         LINE#         107
  C:4B86H         LINE#         108
  C:4B86H         LINE#         109
  C:4B89H         LINE#         110
  C:4B8CH         LINE#         111
  C:4B95H         LINE#         112
  C:4B98H         LINE#         113
BL51 BANKED LINKER/LOCATER V6.22.2.0                                                  10/26/2020  19:32:15  PAGE 14


  C:4BA0H         LINE#         114
  -------         ENDPROC       _ADC_SAMPLINGTIME
  -------         PROC          _ADC_ENABLEHWTRIGGER
  D:0007H         SYMBOL        u8ADCSHWTource
  D:0005H         SYMBOL        u8ADCHWTParam
  D:0003H         SYMBOL        u8ADCHWTDelay
  C:42FDH         LINE#         138
  C:42FDH         LINE#         139
  C:42FDH         LINE#         140
  C:4300H         LINE#         141
  C:430EH         LINE#         142
  C:430EH         LINE#         143
  C:4313H         LINE#         144
  C:431BH         LINE#         145
  C:4323H         LINE#         146
  C:4329H         LINE#         147
  C:4329H         LINE#         148
  C:4329H         LINE#         149
  C:4337H         LINE#         150
  C:4337H         LINE#         151
  C:433CH         LINE#         152
  C:4344H         LINE#         153
  C:434CH         LINE#         154
  C:4352H         LINE#         155
  C:4352H         LINE#         156
  C:4352H         LINE#         157
  C:4356H         LINE#         158
  C:435CH         LINE#         159
  C:435FH         LINE#         160
  -------         ENDPROC       _ADC_ENABLEHWTRIGGER
  -------         PROC          ADC_DISABLEHWTRIGGER
  C:4DAFH         LINE#         162
  C:4DAFH         LINE#         163
  C:4DAFH         LINE#         164
  C:4DB5H         LINE#         165
  -------         ENDPROC       ADC_DISABLEHWTRIGGER
  -------         PROC          _ADC_INTERRUPT
  D:0007H         SYMBOL        u8ADCINT
  D:0005H         SYMBOL        u8ADCIntSource
  C:47F7H         LINE#         182
  C:47F7H         LINE#         183
  C:47F7H         LINE#         184
  C:47FAH         LINE#         185
  C:4801H         LINE#         186
  C:4801H         LINE#         187
  C:4801H         LINE#         188
  C:4804H         LINE#         189
  C:4805H         LINE#         191
  C:4805H         LINE#         192
  C:4811H         LINE#         193
  C:4811H         LINE#         194
  C:4816H         LINE#         195
  C:481EH         LINE#         196
  C:4821H         LINE#         197
  C:4821H         LINE#         198
  C:4821H         LINE#         199
  C:4824H         LINE#         200
BL51 BANKED LINKER/LOCATER V6.22.2.0                                                  10/26/2020  19:32:15  PAGE 15


  C:4824H         LINE#         201
  C:4824H         LINE#         202
  C:4824H         LINE#         203
  -------         ENDPROC       _ADC_INTERRUPT
  -------         PROC          READ_BANDGAP
  -------         DO            
  D:0007H         SYMBOL        BandgapHigh
  D:0005H         SYMBOL        BandgapLow
  D:0006H         SYMBOL        u16bgvalue
  -------         ENDDO         
  C:3D84H         LINE#         211
  C:3D84H         LINE#         212
  C:3D84H         LINE#         215
  C:3D9AH         LINE#         216
  C:3D9DH         LINE#         217
  C:3DA0H         LINE#         218
  C:3DA2H         LINE#         219
  C:3DB7H         LINE#         220
  C:3DBCH         LINE#         221
  C:3DBFH         LINE#         222
  C:3DD5H         LINE#         223
  C:3DD7H         LINE#         224
  C:3DE4H         LINE#         225
  C:3DFAH         LINE#         226
  C:3DFAH         LINE#         227
  -------         ENDPROC       READ_BANDGAP
  -------         ENDMOD        ADC

  -------         MODULE        CAPTURE
  C:0000H         SYMBOL        _ICE_DUMMY_
  D:0080H         PUBLIC        P0
  D:0090H         PUBLIC        P1
  D:00A0H         PUBLIC        P2
  D:00B0H         PUBLIC        P3
  D:00D8H         PUBLIC        P4
  D:009BH         PUBLIC        EIE0
  D:00A8H         PUBLIC        IE
  D:00B8H         PUBLIC        IP
  C:009EH         PUBLIC        _TIMER2_Capture_Interrupt
  D:0098H         PUBLIC        SCON
  D:0088H         PUBLIC        TCON
  D:00E5H         PUBLIC        C0H
  D:00E7H         PUBLIC        C1H
  D:00EEH         PUBLIC        C2H
  D:00E4H         PUBLIC        C0L
  D:0091H         PUBLIC        SFRS
  D:00E6H         PUBLIC        C1L
  D:00EDH         PUBLIC        C2L
  D:00C0H         PUBLIC        I2C0CON
  D:00E8H         PUBLIC        I2C1CON
  D:00F8H         PUBLIC        S1CON
  D:00E1H         PUBLIC        CAPCON0
  D:00E2H         PUBLIC        CAPCON1
  D:00C9H         PUBLIC        T2MOD
  D:00C8H         PUBLIC        T2CON
  D:00E3H         PUBLIC        CAPCON2
  C:2CFFH         PUBLIC        _TIMER2_Capture
BL51 BANKED LINKER/LOCATER V6.22.2.0                                                  10/26/2020  19:32:15  PAGE 16


  D:00D0H         PUBLIC        PSW
  -------         PROC          _TIMER2_CAPTURE
  D:0007H         SYMBOL        u8CAPSource
  D:0005H         SYMBOL        u8CAPLevel
  D:0003H         SYMBOL        u8TM2DIV
  C:2CFFH         LINE#         20
  C:2CFFH         LINE#         21
  C:2CFFH         LINE#         22
  C:2D02H         LINE#         23
  C:2D05H         LINE#         24
  C:2D0DH         LINE#         25
  C:2D10H         LINE#         26
  C:2D13H         LINE#         27
  C:2D21H         LINE#         28
  C:2D21H         LINE#         29
  C:2D21H         LINE#         30
  C:2D2CH         LINE#         31
  C:2D2CH         LINE#         32
  C:2D31H         LINE#         33
  C:2D39H         LINE#         34
  C:2D3FH         LINE#         35
  C:2D3FH         LINE#         36
  C:2D45H         LINE#         37
  C:2D4BH         LINE#         38
  C:2D54H         LINE#         39
  C:2D56H         LINE#         40
  C:2D58H         LINE#         41
  C:2D5AH         LINE#         42
  C:2D5AH         LINE#         43
  C:2D65H         LINE#         44
  C:2D65H         LINE#         45
  C:2D6AH         LINE#         46
  C:2D72H         LINE#         47
  C:2D78H         LINE#         48
  C:2D78H         LINE#         49
  C:2D7EH         LINE#         50
  C:2D84H         LINE#         51
  C:2D8DH         LINE#         52
  C:2D8FH         LINE#         53
  C:2D91H         LINE#         54
  C:2D93H         LINE#         55
  C:2D93H         LINE#         56
  C:2D9EH         LINE#         57
  C:2D9EH         LINE#         58
  C:2DA3H         LINE#         59
  C:2DABH         LINE#         60
  C:2DB1H         LINE#         61
  C:2DB1H         LINE#         62
  C:2DB7H         LINE#         63
  C:2DBDH         LINE#         64
  C:2DC6H         LINE#         65
  C:2DC8H         LINE#         66
  C:2DCAH         LINE#         67
  C:2DCAH         LINE#         68
  C:2DCAH         LINE#         69
  C:2DCDH         LINE#         70
  C:2DD0H         LINE#         71
BL51 BANKED LINKER/LOCATER V6.22.2.0                                                  10/26/2020  19:32:15  PAGE 17


  -------         ENDPROC       _TIMER2_CAPTURE
  -------         PROC          _TIMER2_CAPTURE_INTERRUPT
  D:0007H         SYMBOL        u8CAPINT
  C:009EH         LINE#         81
  C:009EH         LINE#         82
  C:009EH         LINE#         83
  C:00A5H         LINE#         84
  C:00A5H         LINE#         85
  C:00ACH         LINE#         86
  C:00B2H         LINE#         87
  C:00B2H         LINE#         88
  -------         ENDPROC       _TIMER2_CAPTURE_INTERRUPT
  -------         ENDMOD        CAPTURE

  -------         MODULE        EEPROM
  C:0000H         SYMBOL        _ICE_DUMMY_
  D:0080H         PUBLIC        P0
  D:0090H         PUBLIC        P1
  D:00A0H         PUBLIC        P2
  D:00B0H         PUBLIC        P3
  D:00D8H         PUBLIC        P4
  B:00A8H.7       PUBLIC        EA
  D:00A8H         PUBLIC        IE
  C:212CH         PUBLIC        _Write_DATAFLASH_BYTE
  D:00C7H         PUBLIC        TA
  D:00B8H         PUBLIC        IP
  D:0098H         PUBLIC        SCON
  D:0088H         PUBLIC        TCON
  D:009FH         PUBLIC        CHPCON
  D:0091H         PUBLIC        SFRS
  D:00A5H         PUBLIC        IAPUEN
  D:00A4H         PUBLIC        IAPTRG
  C:422FH         PUBLIC        _Read_DATAFLASH_ARRAY
  D:00C0H         PUBLIC        I2C0CON
  D:00E8H         PUBLIC        I2C1CON
  C:31C2H         PUBLIC        _Write_DATAFLASH_ARRAY
  D:00A7H         PUBLIC        IAPAH
  D:00F8H         PUBLIC        S1CON
  D:00AEH         PUBLIC        IAPFD
  D:00C8H         PUBLIC        T2CON
  D:00A6H         PUBLIC        IAPAL
  D:00AFH         PUBLIC        IAPCN
  C:18FFH         PUBLIC        _WriteDataToOnePage
  D:00D0H         PUBLIC        PSW
  X:01BAH         PUBLIC        page_buffer
  -------         PROC          _WRITE_DATAFLASH_BYTE
  X:0304H         SYMBOL        u16EPAddr
  X:0306H         SYMBOL        u8EPData
  -------         DO            
  X:0307H         SYMBOL        looptmp
  X:0308H         SYMBOL        u16_addrl_r
  D:0006H         SYMBOL        RAMtmp
  -------         ENDDO         
  C:212CH         LINE#         26
  C:2137H         LINE#         27
  C:2137H         LINE#         28
  C:213AH         LINE#         33
BL51 BANKED LINKER/LOCATER V6.22.2.0                                                  10/26/2020  19:32:15  PAGE 18


  C:215CH         LINE#         36
  C:216FH         LINE#         37
  C:216FH         LINE#         38
  C:2181H         LINE#         39
  C:2190H         LINE#         40
  C:2198H         LINE#         43
  C:21B0H         LINE#         46
  C:21B9H         LINE#         47
  C:21BCH         LINE#         48
  C:21BFH         LINE#         49
  C:21D5H         LINE#         50
  C:21EAH         LINE#         51
  C:21EDH         LINE#         52
  C:2202H         LINE#         55
  C:2217H         LINE#         56
  C:222CH         LINE#         57
  C:222FH         LINE#         59
  C:2241H         LINE#         60
  C:2241H         LINE#         61
  C:224BH         LINE#         62
  C:224EH         LINE#         63
  C:225BH         LINE#         64
  C:2271H         LINE#         65
  C:2279H         LINE#         67
  C:228FH         LINE#         68
  C:22A4H         LINE#         69
  -------         ENDPROC       _WRITE_DATAFLASH_BYTE
  -------         PROC          _WRITE_DATAFLASH_ARRAY
  X:0000H         SYMBOL        u16_addr
  X:0002H         SYMBOL        pDat
  X:0005H         SYMBOL        num
  -------         DO            
  D:0003H         SYMBOL        CPageAddr
  X:0007H         SYMBOL        EPageAddr
  D:0005H         SYMBOL        cnt
  -------         ENDDO         
  C:31C2H         LINE#         73
  C:31D3H         LINE#         74
  C:31D3H         LINE#         76
  C:31E7H         LINE#         77
  C:3201H         LINE#         79
  C:3208H         LINE#         80
  C:3208H         LINE#         81
  C:3224H         LINE#         82
  C:3232H         LINE#         83
  C:323CH         LINE#         84
  C:324BH         LINE#         85
  C:325CH         LINE#         86
  C:325EH         LINE#         88
  C:3269H         LINE#         89
  C:3269H         LINE#         90
  C:3282H         LINE#         91
  C:3282H         LINE#         92
  -------         ENDPROC       _WRITE_DATAFLASH_ARRAY
  -------         PROC          _READ_DATAFLASH_ARRAY
  X:0296H         SYMBOL        u16_addr
  X:0298H         SYMBOL        pDat
BL51 BANKED LINKER/LOCATER V6.22.2.0                                                  10/26/2020  19:32:15  PAGE 19


  X:029BH         SYMBOL        num
  -------         DO            
  X:029DH         SYMBOL        i
  -------         ENDDO         
  C:422FH         LINE#         94
  C:4240H         LINE#         95
  C:4240H         LINE#         98
  C:425BH         LINE#         99
  C:4296H         LINE#         100
  -------         ENDPROC       _READ_DATAFLASH_ARRAY
  -------         PROC          _WRITEDATATOONEPAGE
  X:00A7H         SYMBOL        u16_addr
  X:00A9H         SYMBOL        pDat
  X:00ACH         SYMBOL        num
  -------         DO            
  X:00ADH         SYMBOL        i
  X:00AEH         SYMBOL        offset
  X:00AFH         SYMBOL        pCode
  X:00B1H         SYMBOL        xd_tmp
  C:1A46H         SYMBOL        WriteDataToPage20
  -------         ENDDO         
  C:18FFH         LINE#         103
  C:1910H         LINE#         104
  C:1910H         LINE#         109
  C:1926H         LINE#         110
  C:193BH         LINE#         112
  C:194AH         LINE#         113
  C:1953H         LINE#         115
  C:1961H         LINE#         117
  C:1969H         LINE#         119
  C:197AH         LINE#         120
  C:197AH         LINE#         121
  C:198DH         LINE#         122
  C:1995H         LINE#         124
  C:199FH         LINE#         125
  C:199FH         LINE#         126
  C:19A2H         LINE#         127
  C:19ABH         LINE#         128
  C:19AEH         LINE#         130
  C:19BFH         LINE#         131
  C:19BFH         LINE#         132
  C:19D4H         LINE#         133
  C:19EAH         LINE#         134
  C:19ECH         LINE#         135
  C:19F4H         LINE#         137
  C:1A05H         LINE#         138
  C:1A05H         LINE#         139
  C:1A2CH         LINE#         140
  C:1A34H         LINE#         142
  C:1A43H         LINE#         143
  C:1A46H         LINE#         145
  C:1A46H         LINE#         146
  C:1A46H         LINE#         147
  C:1A57H         LINE#         149
  C:1A69H         LINE#         150
  C:1A69H         LINE#         151
  C:1A88H         LINE#         152
BL51 BANKED LINKER/LOCATER V6.22.2.0                                                  10/26/2020  19:32:15  PAGE 20


  C:1A90H         LINE#         154
  C:1AA0H         LINE#         155
  C:1AA0H         LINE#         156
  C:1AC9H         LINE#         157
  C:1AD1H         LINE#         160
  C:1AD1H         LINE#         161
  C:1ADCH         LINE#         162
  C:1ADFH         LINE#         163
  C:1AE2H         LINE#         164
  C:1AE5H         LINE#         165
  C:1AFBH         LINE#         166
  C:1AFEH         LINE#         168
  C:1B10H         LINE#         169
  C:1B10H         LINE#         170
  C:1B1DH         LINE#         171
  C:1B33H         LINE#         172
  C:1B35H         LINE#         173
  C:1B3DH         LINE#         175
  C:1B52H         LINE#         176
  C:1B52H         LINE#         177
  C:1B75H         LINE#         178
  C:1B7DH         LINE#         179
  C:1B86H         LINE#         181
  C:1B86H         LINE#         183
  C:1B9CH         LINE#         185
  C:1BA1H         LINE#         186
  -------         ENDPROC       _WRITEDATATOONEPAGE
  -------         ENDMOD        EEPROM

  -------         MODULE        EXINT
  C:0000H         SYMBOL        _ICE_DUMMY_
  D:0080H         PUBLIC        P0
  D:0090H         PUBLIC        P1
  D:00A0H         PUBLIC        P2
  D:00B0H         PUBLIC        P3
  D:00D8H         PUBLIC        P4
  D:00A8H         PUBLIC        IE
  D:00B8H         PUBLIC        IP
  C:4640H         PUBLIC        _ExternPinInterrupt_Enable
  D:0098H         PUBLIC        SCON
  D:0088H         PUBLIC        TCON
  D:00C0H         PUBLIC        I2C0CON
  D:00E8H         PUBLIC        I2C1CON
  D:00F8H         PUBLIC        S1CON
  D:00C8H         PUBLIC        T2CON
  D:00D0H         PUBLIC        PSW
  -------         PROC          _EXTERNPININTERRUPT_ENABLE
  D:0007H         SYMBOL        u8EXNum
  D:0005H         SYMBOL        u8EXTTRG
  D:0003H         SYMBOL        u8EXINT
  C:4640H         LINE#         10
  C:4640H         LINE#         11
  C:4640H         LINE#         12
  C:4647H         LINE#         13
  C:4647H         LINE#         14
  C:4647H         LINE#         15
  C:464EH         LINE#         16
BL51 BANKED LINKER/LOCATER V6.22.2.0                                                  10/26/2020  19:32:15  PAGE 21


  C:464EH         LINE#         17
  C:4653H         LINE#         18
  C:4656H         LINE#         19
  C:4656H         LINE#         20
  C:465DH         LINE#         21
  C:465DH         LINE#         22
  C:4661H         LINE#         23
  C:4665H         LINE#         24
  C:4665H         LINE#         25
  C:4666H         LINE#         27
  C:4666H         LINE#         28
  C:466DH         LINE#         29
  C:466DH         LINE#         30
  C:4672H         LINE#         31
  C:4675H         LINE#         32
  C:4675H         LINE#         33
  C:467CH         LINE#         34
  C:467CH         LINE#         35
  C:4680H         LINE#         36
  C:4683H         LINE#         37
  C:4683H         LINE#         38
  C:4683H         LINE#         39
  C:4683H         LINE#         40
  -------         ENDPROC       _EXTERNPININTERRUPT_ENABLE
  -------         ENDMOD        EXINT

  -------         MODULE        GPIO
  C:0000H         SYMBOL        _ICE_DUMMY_
  D:00B1H         PUBLIC        P0M1
  D:00B3H         PUBLIC        P1M1
  D:00B2H         PUBLIC        P0M2
  D:0080H         PUBLIC        P0
  D:00B5H         PUBLIC        P2M1
  D:00B4H         PUBLIC        P1M2
  D:0090H         PUBLIC        P1
  D:00C2H         PUBLIC        P3M1
  D:00B6H         PUBLIC        P2M2
  D:00A0H         PUBLIC        P2
  D:00C3H         PUBLIC        P3M2
  D:00B9H         PUBLIC        P4M1
  D:00B0H         PUBLIC        P3
  D:00BDH         PUBLIC        P5M1
  D:00BAH         PUBLIC        P4M2
  D:00D8H         PUBLIC        P4
  D:0084H         PUBLIC        P6M1
  D:00BEH         PUBLIC        P5M2
  D:0085H         PUBLIC        P6M2
  D:00A8H         PUBLIC        IE
  D:00B8H         PUBLIC        IP
  D:008AH         PUBLIC        P0DW
  D:008BH         PUBLIC        P1DW
  D:008CH         PUBLIC        P2DW
  D:008DH         PUBLIC        P3DW
  D:008EH         PUBLIC        P4DW
  D:008FH         PUBLIC        P5DW
  D:008FH         PUBLIC        P6DW
  D:0092H         PUBLIC        P0UP
BL51 BANKED LINKER/LOCATER V6.22.2.0                                                  10/26/2020  19:32:15  PAGE 22


  D:0093H         PUBLIC        P1UP
  D:0094H         PUBLIC        P2UP
  D:0095H         PUBLIC        P3UP
  D:0096H         PUBLIC        P4UP
  D:0097H         PUBLIC        P5UP
  D:0097H         PUBLIC        P6UP
  D:0098H         PUBLIC        SCON
  D:0088H         PUBLIC        TCON
  D:0091H         PUBLIC        SFRS
  C:2F6BH         PUBLIC        _GPIO_SetMode
  C:3808H         PUBLIC        _GPIO_Pull_Disable
  D:00C0H         PUBLIC        I2C0CON
  D:00E8H         PUBLIC        I2C1CON
  C:3AF7H         PUBLIC        _GPIO_Pull_Enable
  D:00F8H         PUBLIC        S1CON
  D:00C8H         PUBLIC        T2CON
  D:00D0H         PUBLIC        PSW
  -------         PROC          _GPIO_PULL_ENABLE
  D:0007H         SYMBOL        u8Port
  D:0005H         SYMBOL        u8PinMask
  D:0003H         SYMBOL        u8PullMode
  C:3AF7H         LINE#         23
  C:3AF7H         LINE#         24
  C:3AF7H         LINE#         25
  C:3AFAH         LINE#         26
  C:3B01H         LINE#         27
  C:3B01H         LINE#         28
  C:3B01H         LINE#         29
  C:3B23H         LINE#         30
  C:3B23H         LINE#         31
  C:3B27H         LINE#         32
  C:3B2BH         LINE#         33
  C:3B2FH         LINE#         34
  C:3B33H         LINE#         35
  C:3B37H         LINE#         36
  C:3B3BH         LINE#         37
  C:3B3FH         LINE#         38
  C:3B3FH         LINE#         39
  C:3B40H         LINE#         40
  C:3B40H         LINE#         41
  C:3B62H         LINE#         42
  C:3B62H         LINE#         43
  C:3B66H         LINE#         44
  C:3B6AH         LINE#         45
  C:3B6EH         LINE#         46
  C:3B72H         LINE#         47
  C:3B76H         LINE#         48
  C:3B7AH         LINE#         49
  C:3B7DH         LINE#         50
  C:3B7DH         LINE#         51
  C:3B7DH         LINE#         52
  C:3B7DH         LINE#         53
  -------         ENDPROC       _GPIO_PULL_ENABLE
  -------         PROC          _GPIO_PULL_DISABLE
  D:0007H         SYMBOL        u8Port
  D:0005H         SYMBOL        u8PinMask
  D:0003H         SYMBOL        u8PullMode
BL51 BANKED LINKER/LOCATER V6.22.2.0                                                  10/26/2020  19:32:15  PAGE 23


  C:3808H         LINE#         65
  C:3808H         LINE#         66
  C:3808H         LINE#         67
  C:380BH         LINE#         68
  C:3815H         LINE#         69
  C:3815H         LINE#         70
  C:3815H         LINE#         71
  C:383AH         LINE#         72
  C:383AH         LINE#         73
  C:383FH         LINE#         74
  C:3844H         LINE#         75
  C:3849H         LINE#         76
  C:384EH         LINE#         77
  C:3853H         LINE#         78
  C:3858H         LINE#         79
  C:385DH         LINE#         80
  C:385DH         LINE#         81
  C:385EH         LINE#         82
  C:385EH         LINE#         83
  C:3880H         LINE#         84
  C:3880H         LINE#         85
  C:3885H         LINE#         86
  C:388AH         LINE#         87
  C:388FH         LINE#         88
  C:3894H         LINE#         89
  C:3899H         LINE#         90
  C:389EH         LINE#         91
  C:38A2H         LINE#         92
  C:38A2H         LINE#         93
  C:38A2H         LINE#         94
  C:38A2H         LINE#         95
  -------         ENDPROC       _GPIO_PULL_DISABLE
  -------         PROC          _GPIO_SETMODE
  X:0341H         SYMBOL        u8Port
  D:0001H         SYMBOL        u8PinMask
  D:0003H         SYMBOL        u8Mode
  -------         DO            
  D:0004H         SYMBOL        u8PnM1
  D:0006H         SYMBOL        u8PnM2
  -------         ENDDO         
  C:2F6BH         LINE#         107
  C:2F72H         LINE#         108
  C:2F72H         LINE#         111
  C:2F75H         LINE#         112
  C:2F97H         LINE#         113
  C:2F97H         LINE#         114
  C:2F9DH         LINE#         115
  C:2FA3H         LINE#         116
  C:2FA9H         LINE#         117
  C:2FAFH         LINE#         118
  C:2FB5H         LINE#         119
  C:2FBBH         LINE#         120
  C:2FBFH         LINE#         121
  C:2FBFH         LINE#         122
  C:2FCDH         LINE#         123
  C:2FCDH         LINE#         124
  C:2FCDH         LINE#         125
BL51 BANKED LINKER/LOCATER V6.22.2.0                                                  10/26/2020  19:32:15  PAGE 24


  C:2FD2H         LINE#         126
  C:2FD5H         LINE#         127
  C:2FD7H         LINE#         128
  C:2FD7H         LINE#         129
  C:2FDBH         LINE#         130
  C:2FDEH         LINE#         131
  C:2FE0H         LINE#         132
  C:2FE0H         LINE#         133
  C:2FE3H         LINE#         134
  C:2FE7H         LINE#         135
  C:2FE9H         LINE#         136
  C:2FE9H         LINE#         137
  C:2FECH         LINE#         138
  C:2FEFH         LINE#         139
  C:2FEFH         LINE#         140
  C:2FEFH         LINE#         141
  C:3014H         LINE#         142
  C:3014H         LINE#         143
  C:3019H         LINE#         144
  C:301EH         LINE#         145
  C:3023H         LINE#         146
  C:3028H         LINE#         147
  C:302DH         LINE#         148
  C:3032H         LINE#         149
  C:3036H         LINE#         150
  C:3036H         LINE#         151
  -------         ENDPROC       _GPIO_SETMODE
  -------         ENDMOD        GPIO

  -------         MODULE        I2C
  C:0000H         SYMBOL        _ICE_DUMMY_
  D:0080H         PUBLIC        P0
  D:0090H         PUBLIC        P1
  D:00A0H         PUBLIC        P2
  D:00B0H         PUBLIC        P3
  D:00D8H         PUBLIC        P4
  D:009BH         PUBLIC        EIE0
  D:009CH         PUBLIC        EIE1
  C:4BD4H         PUBLIC        _I2C_DisableInt
  D:00A8H         PUBLIC        IE
  C:4BBCH         PUBLIC        _I2C_EnableInt
  C:4CEDH         PUBLIC        _I2C_Close
  D:00B8H         PUBLIC        IP
  C:4D47H         PUBLIC        _I2C_SLAVE_ADDRESS_MASK_ENABLE
  D:00BDH         PUBLIC        I2C0STAT
  D:00B4H         PUBLIC        I2C1STAT
  C:4089H         PUBLIC        _I2C_Open
  D:0098H         PUBLIC        SCON
  D:0088H         PUBLIC        TCON
  D:00C1H         PUBLIC        I2C0ADDR0
  D:00A1H         PUBLIC        I2C0ADDR1
  D:00B2H         PUBLIC        I2C1ADDR0
  D:00A4H         PUBLIC        I2C1ADDR1
  D:00A2H         PUBLIC        I2C0ADDR2
  D:00A5H         PUBLIC        I2C1ADDR2
  D:00A3H         PUBLIC        I2C0ADDR3
  D:0091H         PUBLIC        SFRS
BL51 BANKED LINKER/LOCATER V6.22.2.0                                                  10/26/2020  19:32:15  PAGE 25


  D:00A6H         PUBLIC        I2C1ADDR3
  C:4D11H         PUBLIC        _I2C_DisableTimeout
  C:4CC7H         PUBLIC        _I2C_GetStatus
  D:00BEH         PUBLIC        I2C0CLK
  D:00B5H         PUBLIC        I2C1CLK
  D:00C0H         PUBLIC        I2C0CON
  D:00E8H         PUBLIC        I2C1CON
  D:00BFH         PUBLIC        I2C0TOC
  C:4CFFH         PUBLIC        _I2C_EnableTimeout
  D:00B6H         PUBLIC        I2C1TOC
  C:4418H         PUBLIC        _I2C_SetSlaveAddrMask
  D:00CFH         PUBLIC        I2C0ADDRM
  D:00D7H         PUBLIC        I2C1ADDRM
  D:00F8H         PUBLIC        S1CON
  D:00C8H         PUBLIC        T2CON
  C:4CDAH         PUBLIC        _I2C_SLAVE_ADDRESS_MASK_DISABLE
  C:4D23H         PUBLIC        _I2C_ClearTimeoutFlag
  D:00D0H         PUBLIC        PSW
  -------         PROC          _I2C_OPEN
  D:0007H         SYMBOL        u8I2CSel
  X:02A0H         SYMBOL        u32SYSCLK
  X:02A4H         SYMBOL        u32I2CCLK
  C:4089H         LINE#         21
  C:4089H         LINE#         22
  C:4089H         LINE#         23
  C:408CH         LINE#         24
  C:4093H         LINE#         25
  C:4093H         LINE#         26
  C:40C3H         LINE#         27
  C:40F2H         LINE#         28
  C:40F2H         LINE#         29
  -------         ENDPROC       _I2C_OPEN
  -------         PROC          _I2C_CLOSE
  D:0007H         SYMBOL        u8I2CSel
  C:4CEDH         LINE#         36
  C:4CEDH         LINE#         37
  C:4CEDH         LINE#         38
  C:4CF0H         LINE#         39
  C:4CF7H         LINE#         40
  C:4CF7H         LINE#         41
  C:4CFBH         LINE#         42
  C:4CFEH         LINE#         43
  C:4CFEH         LINE#         44
  -------         ENDPROC       _I2C_CLOSE
  -------         PROC          _I2C_ENABLEINT
  D:0007H         SYMBOL        u8I2CSel
  C:4BBCH         LINE#         51
  C:4BBCH         LINE#         52
  C:4BBCH         LINE#         53
  C:4BBFH         LINE#         54
  C:4BC6H         LINE#         55
  C:4BC6H         LINE#         56
  C:4BCDH         LINE#         57
  C:4BD3H         LINE#         58
  C:4BD3H         LINE#         59
  -------         ENDPROC       _I2C_ENABLEINT
  -------         PROC          _I2C_DISABLEINT
BL51 BANKED LINKER/LOCATER V6.22.2.0                                                  10/26/2020  19:32:15  PAGE 26


  D:0007H         SYMBOL        u8I2CSel
  C:4BD4H         LINE#         66
  C:4BD4H         LINE#         67
  C:4BD4H         LINE#         68
  C:4BD7H         LINE#         69
  C:4BDEH         LINE#         70
  C:4BDEH         LINE#         71
  C:4BE5H         LINE#         72
  C:4BEBH         LINE#         73
  C:4BEBH         LINE#         74
  -------         ENDPROC       _I2C_DISABLEINT
  -------         PROC          _I2C_GETSTATUS
  D:0007H         SYMBOL        u8I2CSel
  -------         DO            
  D:0006H         SYMBOL        u8i2cstat
  -------         ENDDO         
  C:4CC7H         LINE#         82
  C:4CC7H         LINE#         83
  C:4CC7H         LINE#         85
  C:4CCAH         LINE#         86
  C:4CD1H         LINE#         87
  C:4CD1H         LINE#         88
  C:4CD5H         LINE#         89
  C:4CD7H         LINE#         90
  C:4CD7H         LINE#         91
  C:4CD9H         LINE#         92
  -------         ENDPROC       _I2C_GETSTATUS
  -------         PROC          _I2C_SETSLAVEADDRMASK
  D:0007H         SYMBOL        u8I2CSel
  D:0005H         SYMBOL        u8SlaveNo
  D:0003H         SYMBOL        u8SlaveAddrMask
  C:4418H         LINE#         104
  C:4418H         LINE#         105
  C:4418H         LINE#         106
  C:441FH         LINE#         107
  C:441FH         LINE#         108
  C:441FH         LINE#         109
  C:442DH         LINE#         110
  C:442DH         LINE#         111
  C:4434H         LINE#         112
  C:443BH         LINE#         113
  C:4442H         LINE#         114
  C:4447H         LINE#         115
  C:4447H         LINE#         116
  C:4447H         LINE#         117
  C:4455H         LINE#         118
  C:4455H         LINE#         119
  C:445BH         LINE#         120
  C:4461H         LINE#         121
  C:4467H         LINE#         122
  C:446EH         LINE#         123
  C:446EH         LINE#         124
  C:446EH         LINE#         125
  C:446EH         LINE#         126
  -------         ENDPROC       _I2C_SETSLAVEADDRMASK
  -------         PROC          _I2C_ENABLETIMEOUT
  D:0007H         SYMBOL        u8I2CSel
BL51 BANKED LINKER/LOCATER V6.22.2.0                                                  10/26/2020  19:32:15  PAGE 27


  C:4CFFH         LINE#         136
  C:4CFFH         LINE#         137
  C:4CFFH         LINE#         138
  C:4D02H         LINE#         139
  C:4D09H         LINE#         140
  C:4D09H         LINE#         141
  C:4D0DH         LINE#         142
  C:4D10H         LINE#         143
  C:4D10H         LINE#         144
  -------         ENDPROC       _I2C_ENABLETIMEOUT
  -------         PROC          _I2C_DISABLETIMEOUT
  D:0007H         SYMBOL        u8I2CSel
  C:4D11H         LINE#         153
  C:4D11H         LINE#         154
  C:4D11H         LINE#         155
  C:4D14H         LINE#         156
  C:4D1BH         LINE#         157
  C:4D1BH         LINE#         158
  C:4D1FH         LINE#         159
  C:4D22H         LINE#         160
  C:4D22H         LINE#         161
  -------         ENDPROC       _I2C_DISABLETIMEOUT
  -------         PROC          _I2C_CLEARTIMEOUTFLAG
  D:0007H         SYMBOL        u8I2CSel
  C:4D23H         LINE#         163
  C:4D23H         LINE#         164
  C:4D23H         LINE#         165
  C:4D26H         LINE#         166
  C:4D2DH         LINE#         167
  C:4D2DH         LINE#         168
  C:4D31H         LINE#         169
  C:4D34H         LINE#         170
  C:4D34H         LINE#         171
  C:4D34H         LINE#         172
  -------         ENDPROC       _I2C_CLEARTIMEOUTFLAG
  -------         PROC          _I2C_SLAVE_ADDRESS_MASK_ENABLE
  D:0007H         SYMBOL        u8I2CSel
  D:0005H         SYMBOL        u8I2CAddMaskBit
  C:4D47H         LINE#         182
  C:4D47H         LINE#         183
  C:4D47H         LINE#         184
  C:4D4AH         LINE#         185
  C:4D51H         LINE#         186
  C:4D51H         LINE#         187
  C:4D54H         LINE#         188
  C:4D57H         LINE#         189
  C:4D57H         LINE#         190
  C:4D57H         LINE#         191
  -------         ENDPROC       _I2C_SLAVE_ADDRESS_MASK_ENABLE
  -------         PROC          _I2C_SLAVE_ADDRESS_MASK_DISABLE
  D:0007H         SYMBOL        u8I2CSLVSEL
  D:0005H         SYMBOL        u8I2CAddMaskBit
  C:4CDAH         LINE#         201
  C:4CDAH         LINE#         202
  C:4CDAH         LINE#         203
  C:4CDDH         LINE#         204
  C:4CE4H         LINE#         205
BL51 BANKED LINKER/LOCATER V6.22.2.0                                                  10/26/2020  19:32:15  PAGE 28


  C:4CE4H         LINE#         206
  C:4CE8H         LINE#         207
  C:4CECH         LINE#         208
  C:4CECH         LINE#         209
  C:4CECH         LINE#         210
  -------         ENDPROC       _I2C_SLAVE_ADDRESS_MASK_DISABLE
  -------         ENDMOD        I2C

  -------         MODULE        IAP
  C:0000H         SYMBOL        _ICE_DUMMY_
  D:0080H         PUBLIC        P0
  D:0090H         PUBLIC        P1
  D:00A0H         PUBLIC        P2
  D:00B0H         PUBLIC        P3
  D:00D8H         PUBLIC        P4
  X:0009H         PUBLIC        IAPCFBuf
  C:40F3H         PUBLIC        UCID_Read
  X:000EH         PUBLIC        UCIDBuffer
  B:00A8H.7       PUBLIC        EA
  C:446FH         PUBLIC        SPROM_Checksum_Read
  C:3C89H         PUBLIC        _LDROM_Blank_Check
  D:00A8H         PUBLIC        IE
  C:3D07H         PUBLIC        _APROM_Blank_Check
  D:00C7H         PUBLIC        TA
  D:00B8H         PUBLIC        IP
  C:455AH         PUBLIC        _LDROM_Checksum_Run
  C:41C6H         PUBLIC        DID_Read
  X:001AH         PUBLIC        DIDBuffer
  C:44BEH         PUBLIC        _APROM_Checksum_Run
  D:0098H         PUBLIC        SCON
  D:0088H         PUBLIC        TCON
  C:3B7EH         PUBLIC        _LDROM_Read_Verify
  C:3A68H         PUBLIC        _APROM_Read_Verify
  D:009FH         PUBLIC        CHPCON
  C:33FBH         PUBLIC        _LDROM_Program
  C:34AFH         PUBLIC        _APROM_Program
  D:0091H         PUBLIC        SFRS
  C:415DH         PUBLIC        UID_Read
  X:001EH         PUBLIC        UIDBuffer
  C:45F6H         PUBLIC        SPROM_Checksum_Run
  D:00A5H         PUBLIC        IAPUEN
  D:00A4H         PUBLIC        IAPTRG
  D:00C0H         PUBLIC        I2C0CON
  D:00E8H         PUBLIC        I2C1CON
  C:2DD1H         PUBLIC        _LDROM_Erase
  C:2E9EH         PUBLIC        _APROM_Erase
  D:00A7H         PUBLIC        IAPAH
  D:00F8H         PUBLIC        S1CON
  D:00AEH         PUBLIC        IAPFD
  D:00C8H         PUBLIC        T2CON
  D:00A6H         PUBLIC        IAPAL
  D:00AFH         PUBLIC        IAPCN
  X:0027H         PUBLIC        IAPDataBuf
  C:45A8H         PUBLIC        _LDROM_Checksum_Read
  C:450CH         PUBLIC        _APROM_Checksum_Read
  D:00D0H         PUBLIC        PSW
  D:00AAH         PUBLIC        WDCON
BL51 BANKED LINKER/LOCATER V6.22.2.0                                                  10/26/2020  19:32:15  PAGE 29


  -------         PROC          _LDROM_ERASE
  X:0324H         SYMBOL        u16IAPStartAddress
  X:0326H         SYMBOL        u16IAPDataSize
  -------         DO            
  D:0004H         SYMBOL        u16Count
  -------         ENDDO         
  C:2DD1H         LINE#         28
  C:2DDFH         LINE#         29
  C:2DDFH         LINE#         32
  C:2DF5H         LINE#         33
  C:2E0AH         LINE#         34
  C:2E0DH         LINE#         35
  C:2E10H         LINE#         36
  C:2E2AH         LINE#         37
  C:2E2AH         LINE#         38
  C:2E3BH         LINE#         39
  C:2E4CH         LINE#         40
  C:2E6BH         LINE#         41
  C:2E72H         LINE#         42
  C:2E88H         LINE#         43
  C:2E9DH         LINE#         44
  -------         ENDPROC       _LDROM_ERASE
  -------         PROC          _LDROM_BLANK_CHECK
  D:0006H         SYMBOL        u16IAPStartAddress
  X:0331H         SYMBOL        u16IAPDataSize
  -------         DO            
  D:0006H         SYMBOL        u16Count
  -------         ENDDO         
  C:3C89H         LINE#         54
  C:3C91H         LINE#         55
  C:3C91H         LINE#         57
  C:3CA7H         LINE#         58
  C:3CAAH         LINE#         59
  C:3CADH         LINE#         60
  C:3CB0H         LINE#         62
  C:3CC0H         LINE#         63
  C:3CC0H         LINE#         64
  C:3CC3H         LINE#         65
  C:3CD8H         LINE#         66
  C:3CDEH         LINE#         67
  C:3CE0H         LINE#         68
  C:3CE2H         LINE#         69
  C:3CE7H         LINE#         70
  C:3CE9H         LINE#         71
  C:3CF0H         LINE#         72
  C:3D06H         LINE#         73
  -------         ENDPROC       _LDROM_BLANK_CHECK
  -------         PROC          _LDROM_PROGRAM
  D:0006H         SYMBOL        u16IAPStartAddress
  X:0333H         SYMBOL        u16IAPDataSize
  -------         DO            
  D:0006H         SYMBOL        u16Count
  -------         ENDDO         
  C:33FBH         LINE#         83
  C:3403H         LINE#         84
  C:3403H         LINE#         87
  C:3419H         LINE#         88
BL51 BANKED LINKER/LOCATER V6.22.2.0                                                  10/26/2020  19:32:15  PAGE 30


  C:342EH         LINE#         89
  C:3431H         LINE#         90
  C:3434H         LINE#         91
  C:3437H         LINE#         93
  C:3447H         LINE#         94
  C:3447H         LINE#         95
  C:3454H         LINE#         96
  C:3473H         LINE#         97
  C:3475H         LINE#         98
  C:347AH         LINE#         99
  C:347AH         LINE#         100
  C:347CH         LINE#         101
  C:347CH         LINE#         102
  C:3483H         LINE#         103
  C:3499H         LINE#         104
  C:34AEH         LINE#         105
  -------         ENDPROC       _LDROM_PROGRAM
  -------         PROC          _LDROM_READ_VERIFY
  D:0006H         SYMBOL        u16IAPStartAddress
  X:0335H         SYMBOL        u16IAPDataSize
  -------         DO            
  D:0006H         SYMBOL        u16Count
  -------         ENDDO         
  C:3B7EH         LINE#         116
  C:3B86H         LINE#         117
  C:3B86H         LINE#         120
  C:3B9CH         LINE#         121
  C:3B9FH         LINE#         122
  C:3BA2H         LINE#         123
  C:3BA5H         LINE#         124
  C:3BB5H         LINE#         125
  C:3BB5H         LINE#         126
  C:3BB8H         LINE#         127
  C:3BCDH         LINE#         128
  C:3BDCH         LINE#         129
  C:3BDEH         LINE#         130
  C:3BE0H         LINE#         131
  C:3BE5H         LINE#         132
  C:3BE5H         LINE#         133
  C:3BE7H         LINE#         134
  C:3BE7H         LINE#         135
  C:3BEEH         LINE#         136
  C:3C04H         LINE#         137
  -------         ENDPROC       _LDROM_READ_VERIFY
  -------         PROC          _APROM_ERASE
  X:0328H         SYMBOL        u16IAPStartAddress
  X:032AH         SYMBOL        u16IAPDataSize
  -------         DO            
  D:0004H         SYMBOL        u16Count
  -------         ENDDO         
  C:2E9EH         LINE#         147
  C:2EACH         LINE#         148
  C:2EACH         LINE#         151
  C:2EC2H         LINE#         152
  C:2ED7H         LINE#         153
  C:2EDAH         LINE#         154
  C:2EDDH         LINE#         155
BL51 BANKED LINKER/LOCATER V6.22.2.0                                                  10/26/2020  19:32:15  PAGE 31


  C:2EF7H         LINE#         156
  C:2EF7H         LINE#         157
  C:2F08H         LINE#         158
  C:2F19H         LINE#         159
  C:2F38H         LINE#         160
  C:2F3FH         LINE#         161
  C:2F55H         LINE#         162
  C:2F6AH         LINE#         163
  -------         ENDPROC       _APROM_ERASE
  -------         PROC          _APROM_BLANK_CHECK
  D:0006H         SYMBOL        u16IAPStartAddress
  X:0337H         SYMBOL        u16IAPDataSize
  -------         DO            
  D:0006H         SYMBOL        u16Count
  -------         ENDDO         
  C:3D07H         LINE#         173
  C:3D0FH         LINE#         174
  C:3D0FH         LINE#         177
  C:3D25H         LINE#         178
  C:3D28H         LINE#         179
  C:3D2BH         LINE#         180
  C:3D2EH         LINE#         181
  C:3D3DH         LINE#         182
  C:3D3DH         LINE#         183
  C:3D40H         LINE#         184
  C:3D55H         LINE#         185
  C:3D5BH         LINE#         186
  C:3D5DH         LINE#         187
  C:3D5FH         LINE#         188
  C:3D64H         LINE#         189
  C:3D66H         LINE#         190
  C:3D6DH         LINE#         191
  C:3D83H         LINE#         192
  -------         ENDPROC       _APROM_BLANK_CHECK
  -------         PROC          _APROM_PROGRAM
  D:0006H         SYMBOL        u16IAPStartAddress
  X:0339H         SYMBOL        u16IAPDataSize
  -------         DO            
  D:0006H         SYMBOL        u16Count
  -------         ENDDO         
  C:34AFH         LINE#         202
  C:34B7H         LINE#         203
  C:34B7H         LINE#         206
  C:34CDH         LINE#         207
  C:34E2H         LINE#         208
  C:34E5H         LINE#         209
  C:34E8H         LINE#         210
  C:34EBH         LINE#         211
  C:34FBH         LINE#         212
  C:34FBH         LINE#         213
  C:3508H         LINE#         214
  C:3527H         LINE#         215
  C:3529H         LINE#         216
  C:352EH         LINE#         217
  C:352EH         LINE#         218
  C:3530H         LINE#         219
  C:3530H         LINE#         220
BL51 BANKED LINKER/LOCATER V6.22.2.0                                                  10/26/2020  19:32:15  PAGE 32


  C:3537H         LINE#         221
  C:354DH         LINE#         222
  C:3562H         LINE#         223
  -------         ENDPROC       _APROM_PROGRAM
  -------         PROC          _APROM_READ_VERIFY
  D:0006H         SYMBOL        u16IAPStartAddress
  X:033BH         SYMBOL        u16IAPDataSize
  -------         DO            
  D:0006H         SYMBOL        u16Count
  -------         ENDDO         
  C:3A68H         LINE#         233
  C:3A70H         LINE#         234
  C:3A70H         LINE#         237
  C:3A86H         LINE#         238
  C:3A89H         LINE#         239
  C:3A8CH         LINE#         240
  C:3A8FH         LINE#         241
  C:3A9EH         LINE#         242
  C:3A9EH         LINE#         243
  C:3AA1H         LINE#         244
  C:3ABFH         LINE#         245
  C:3ACEH         LINE#         246
  C:3AD0H         LINE#         247
  C:3AD2H         LINE#         248
  C:3AD7H         LINE#         249
  C:3AD7H         LINE#         250
  C:3AD9H         LINE#         251
  C:3AD9H         LINE#         252
  C:3AE0H         LINE#         253
  C:3AF6H         LINE#         254
  -------         ENDPROC       _APROM_READ_VERIFY
  -------         PROC          UID_READ
  -------         DO            
  D:0007H         SYMBOL        u8Count
  -------         ENDDO         
  C:415DH         LINE#         263
[...]
  D:00C9H         PUBLIC        T2MOD
  D:00C8H         PUBLIC        T2CON
  D:0084H         PUBLIC        LIRCTRIM
  D:00D0H         PUBLIC        PSW
  -------         PROC          TIMER2_INITIAL_START
  C:4A83H         LINE#         26
  C:4A83H         LINE#         27
  C:4A83H         LINE#         28
  C:4A86H         LINE#         29
  C:4A89H         LINE#         30
  C:4A8EH         LINE#         31
  C:4A93H         LINE#         32
  C:4A95H         LINE#         33
BL51 BANKED LINKER/LOCATER V6.22.2.0                                                  10/26/2020  19:32:15  PAGE 71


  C:4A97H         LINE#         34
  C:4A9AH         LINE#         35
  C:4A9CH         LINE#         36
  C:4A9EH         LINE#         37
  C:4AA1H         LINE#         38
  -------         ENDPROC       TIMER2_INITIAL_START
  -------         PROC          WKT_INITIAL_START
  C:4D35H         LINE#         40
  C:4D35H         LINE#         41
  C:4D35H         LINE#         42
  C:4D38H         LINE#         43
  C:4D3BH         LINE#         44
  C:4D3EH         LINE#         45
  C:4D41H         LINE#         46
  C:4D46H         LINE#         47
  -------         ENDPROC       WKT_INITIAL_START
  -------         PROC          WAKEUP_TIMER_ISR
  C:401EH         LINE#         49
  C:4031H         LINE#         51
  C:4033H         LINE#         53
  C:4039H         LINE#         54
  C:403FH         LINE#         55
  C:4042H         LINE#         56
  C:4062H         LINE#         57
  C:4064H         LINE#         58
  C:406AH         LINE#         60
  C:406DH         LINE#         61
  C:4070H         LINE#         62
  C:4073H         LINE#         63
  C:4076H         LINE#         65
  C:4078H         LINE#         66
  -------         ENDPROC       WAKEUP_TIMER_ISR
  -------         PROC          TRIM_LIRC
  C:3767H         LINE#         68
  C:3767H         LINE#         69
  C:3767H         LINE#         70
  C:376DH         LINE#         71
  C:376FH         LINE#         72
  C:3772H         LINE#         73
  C:3775H         LINE#         74
  C:3778H         LINE#         75
  C:377EH         LINE#         76
  C:3783H         LINE#         77
  C:3788H         LINE#         78
  C:378BH         LINE#         79
  C:378DH         LINE#         80
  C:379AH         LINE#         81
  C:379AH         LINE#         82
  C:37CFH         LINE#         83
  C:37D3H         LINE#         84
  C:37E3H         LINE#         85
  C:37E3H         LINE#         86
  C:37F5H         LINE#         87
  C:37F8H         LINE#         88
  C:37FEH         LINE#         89
  C:3801H         LINE#         90
  C:3804H         LINE#         91
BL51 BANKED LINKER/LOCATER V6.22.2.0                                                  10/26/2020  19:32:15  PAGE 72


  C:3807H         LINE#         92
  C:3807H         LINE#         93
  -------         ENDPROC       TRIM_LIRC
  -------         PROC          TRIM_LIRC_32768
  C:49BFH         LINE#         96
  C:49BFH         LINE#         97
  C:49BFH         LINE#         98
  C:49C2H         LINE#         99
  C:49C7H         LINE#         100
  C:49C7H         LINE#         101
  C:49CAH         LINE#         102
  C:49CDH         LINE#         103
  C:49D3H         LINE#         104
  C:49D6H         LINE#         105
  C:49D9H         LINE#         106
  C:49DCH         LINE#         107
  C:49DFH         LINE#         108
  C:49E2H         LINE#         109
  C:49E2H         LINE#         110
  -------         ENDPROC       TRIM_LIRC_32768
  -------         ENDMOD        TRIMLIRC

  -------         MODULE        UART2
  C:0000H         SYMBOL        _ICE_DUMMY_
  D:00DCH         PUBLIC        SC0ETURD1
  D:0080H         PUBLIC        P0
  D:0090H         PUBLIC        P1
  D:00A0H         PUBLIC        P2
  D:00B0H         PUBLIC        P3
  D:00D8H         PUBLIC        P4
  D:00D6H         PUBLIC        SC0CR0
  D:00D7H         PUBLIC        SC0CR1
  D:00A8H         PUBLIC        IE
  C:4D69H         PUBLIC        UART2_Receive_One_Byte
  D:00B8H         PUBLIC        IP
  D:0098H         PUBLIC        SCON
  D:0088H         PUBLIC        TCON
  C:4C8AH         PUBLIC        _UART2_Send_Data
  D:0091H         PUBLIC        SFRS
  D:00DFH         PUBLIC        SC0TSR
  D:00C0H         PUBLIC        I2C0CON
  D:00E8H         PUBLIC        I2C1CON
  X:0343H         PUBLIC        uart2rvbuffer
  D:00D9H         PUBLIC        SC0DR
  C:4B33H         PUBLIC        SMC0_ISR
  C:3617H         PUBLIC        _UART2_Open
  D:00F8H         PUBLIC        S1CON
  D:00C8H         PUBLIC        T2CON
  B:0021H.6       PUBLIC        uart2rvflag
  D:00D0H         PUBLIC        PSW
  D:00DBH         PUBLIC        SC0ETURD0
  -------         PROC          SMC0_ISR
  C:4B33H         LINE#         19
  C:4B39H         LINE#         21
  C:4B3BH         LINE#         22
  C:4B3DH         LINE#         23
  C:4B40H         LINE#         24
BL51 BANKED LINKER/LOCATER V6.22.2.0                                                  10/26/2020  19:32:15  PAGE 73


  C:4B46H         LINE#         25
  C:4B48H         LINE#         26
  -------         ENDPROC       SMC0_ISR
  -------         PROC          _UART2_OPEN
  X:02CBH         SYMBOL        u32SysClock
  X:02CFH         SYMBOL        u32Baudrate
  C:3617H         LINE#         35
  C:361DH         LINE#         36
  C:361DH         LINE#         37
  C:3623H         LINE#         38
  C:3628H         LINE#         39
  C:362DH         LINE#         40
  C:3632H         LINE#         41
  C:3637H         LINE#         43
  C:3672H         LINE#         44
  C:3675H         LINE#         45
  C:36B6H         LINE#         46
  C:36BCH         LINE#         47
  C:36BFH         LINE#         48
  C:36C4H         LINE#         49
  -------         ENDPROC       _UART2_OPEN
  -------         PROC          UART2_RECEIVE_ONE_BYTE
  -------         DO            
  D:0007H         SYMBOL        c
  -------         ENDDO         
  C:4D69H         LINE#         58
  C:4D69H         LINE#         59
  C:4D69H         LINE#         61
  C:4D6FH         LINE#         62
  C:4D77H         LINE#         63
  C:4D79H         LINE#         64
  C:4D79H         LINE#         65
  -------         ENDPROC       UART2_RECEIVE_ONE_BYTE
  -------         PROC          _UART2_SEND_DATA
  D:0007H         SYMBOL        c
  C:4C8AH         LINE#         74
  C:4C8AH         LINE#         75
  C:4C8AH         LINE#         76
  C:4C90H         LINE#         77
  C:4C92H         LINE#         78
  C:4C98H         LINE#         79
  C:4C9EH         LINE#         80
  -------         ENDPROC       _UART2_SEND_DATA
  -------         ENDMOD        UART2

  -------         MODULE        UART3
  C:0000H         SYMBOL        _ICE_DUMMY_
  D:00DBH         PUBLIC        SC1ETURD0
  D:00DCH         PUBLIC        SC1ETURD1
  D:0080H         PUBLIC        P0
  D:0090H         PUBLIC        P1
  D:00A0H         PUBLIC        P2
  D:00B0H         PUBLIC        P3
  D:00D8H         PUBLIC        P4
  D:00E6H         PUBLIC        SC1CR0
  D:00A8H         PUBLIC        IE
  D:00E7H         PUBLIC        SC1CR1
BL51 BANKED LINKER/LOCATER V6.22.2.0                                                  10/26/2020  19:32:15  PAGE 74


  D:00B8H         PUBLIC        IP
  D:0098H         PUBLIC        SCON
  D:0088H         PUBLIC        TCON
  C:4CB3H         PUBLIC        _UART3_Send_Data
  D:0091H         PUBLIC        SFRS
  D:00DFH         PUBLIC        SC1TSR
  D:00C0H         PUBLIC        I2C0CON
  D:00E8H         PUBLIC        I2C1CON
  X:0344H         PUBLIC        uart3rvbuffer
  D:00D9H         PUBLIC        SC1DR
  C:4B4FH         PUBLIC        SMC1_ISR
  D:00F8H         PUBLIC        S1CON
  C:3563H         PUBLIC        _UART3_Open
  D:00C8H         PUBLIC        T2CON
  C:4AFAH         PUBLIC        UART3_Receive_Data
  B:0021H.7       PUBLIC        uart3rvflag
  D:00D0H         PUBLIC        PSW
  -------         PROC          SMC1_ISR
  C:4B4FH         LINE#         19
  C:4B55H         LINE#         21
  C:4B57H         LINE#         22
  C:4B5AH         LINE#         23
  C:4B5CH         LINE#         24
  C:4B62H         LINE#         25
  C:4B64H         LINE#         26
  -------         ENDPROC       SMC1_ISR
  -------         PROC          _UART3_OPEN
  X:02D3H         SYMBOL        u32SysClock
  X:02D7H         SYMBOL        u32Baudrate
  C:3563H         LINE#         35
  C:3569H         LINE#         36
  C:3569H         LINE#         37
  C:356FH         LINE#         38
  C:3575H         LINE#         39
  C:357BH         LINE#         40
  C:3581H         LINE#         41
  C:3587H         LINE#         42
  C:35C3H         LINE#         43
  C:35C6H         LINE#         44
  C:3607H         LINE#         45
  C:360DH         LINE#         46
  C:3610H         LINE#         47
  C:3616H         LINE#         48
  -------         ENDPROC       _UART3_OPEN
  -------         PROC          UART3_RECEIVE_DATA
  -------         DO            
  D:0007H         SYMBOL        c
  -------         ENDDO         
  C:4AFAH         LINE#         57
  C:4AFAH         LINE#         58
  C:4AFAH         LINE#         61
  C:4B00H         LINE#         62
  C:4B14H         LINE#         63
  C:4B16H         LINE#         65
  C:4B16H         LINE#         66
  -------         ENDPROC       UART3_RECEIVE_DATA
  -------         PROC          _UART3_SEND_DATA
BL51 BANKED LINKER/LOCATER V6.22.2.0                                                  10/26/2020  19:32:15  PAGE 75


  D:0007H         SYMBOL        c
  C:4CB3H         LINE#         75
  C:4CB3H         LINE#         76
  C:4CB3H         LINE#         77
  C:4CB9H         LINE#         78
  C:4CBBH         LINE#         79
  C:4CC0H         LINE#         80
  C:4CC6H         LINE#         81
  -------         ENDPROC       _UART3_SEND_DATA
  -------         ENDMOD        UART3

  -------         MODULE        SPI
  C:0000H         SYMBOL        _ICE_DUMMY_
  D:0080H         PUBLIC        P0
  D:0090H         PUBLIC        P1
  D:00A0H         PUBLIC        P2
  D:00B0H         PUBLIC        P3
  C:472FH         PUBLIC        _Spi_Read_Byte
  D:00D8H         PUBLIC        P4
  D:009BH         PUBLIC        EIE0
  D:009CH         PUBLIC        EIE1
  D:00A8H         PUBLIC        IE
  C:4928H         PUBLIC        _Spi_Write_Byte
  D:00B8H         PUBLIC        IP
  C:4A44H         PUBLIC        _SPI_Interrupt
  D:00F5H         PUBLIC        SPI0DR
  D:0098H         PUBLIC        SCON
  D:00FCH         PUBLIC        SPI1DR
  D:0088H         PUBLIC        TCON
  D:0091H         PUBLIC        SFRS
  D:00F4H         PUBLIC        SPI0SR
  D:00FBH         PUBLIC        SPI1SR
  D:00C0H         PUBLIC        I2C0CON
  D:00E8H         PUBLIC        I2C1CON
  C:393DH         PUBLIC        _SPI_Open
  D:00F3H         PUBLIC        SPI0CR0
  D:00F3H         PUBLIC        SPI0CR1
  D:00F9H         PUBLIC        SPI1CR0
  D:00FAH         PUBLIC        SPI1CR1
  D:00F8H         PUBLIC        S1CON
  D:00C8H         PUBLIC        T2CON
  D:00D0H         PUBLIC        PSW
  -------         PROC          _SPI_OPEN
  D:0007H         SYMBOL        u8SPISel
  D:0005H         SYMBOL        u8MasterSlave
  D:0003H         SYMBOL        u8SPICLKDIV
  X:0322H         SYMBOL        u8SPIMode
  X:0323H         SYMBOL        u8MSBLSB
  C:393DH         LINE#         41
  C:393DH         LINE#         46
  C:393DH         LINE#         47
  C:393FH         LINE#         49
  C:3949H         LINE#         50
  C:3949H         LINE#         51
  C:3949H         LINE#         52
  C:394FH         LINE#         53
  C:3954H         LINE#         54
BL51 BANKED LINKER/LOCATER V6.22.2.0                                                  10/26/2020  19:32:15  PAGE 76


  C:3956H         LINE#         55
  C:3958H         LINE#         56
  C:3977H         LINE#         57
  C:397AH         LINE#         58
  C:397DH         LINE#         59
  C:3987H         LINE#         60
  C:398DH         LINE#         61
  C:398FH         LINE#         62
  C:398FH         LINE#         63
  C:3995H         LINE#         64
  C:399AH         LINE#         65
  C:399CH         LINE#         66
  C:399EH         LINE#         67
  C:39BFH         LINE#         68
  C:39C2H         LINE#         69
  C:39CCH         LINE#         70
  C:39D2H         LINE#         71
  C:39D2H         LINE#         72
  C:39D2H         LINE#         73
  C:39D4H         LINE#         74
  -------         ENDPROC       _SPI_OPEN
  -------         PROC          _SPI_INTERRUPT
  D:0007H         SYMBOL        u8SPISel
  D:0005H         SYMBOL        u8SPIINTStatus
  C:4A44H         LINE#         84
  C:4A44H         LINE#         85
  C:4A44H         LINE#         86
  C:4A46H         LINE#         88
  C:4A4DH         LINE#         89
  C:4A4DH         LINE#         90
  C:4A57H         LINE#         91
  C:4A61H         LINE#         92
  C:4A61H         LINE#         94
  C:4A63H         LINE#         95
  -------         ENDPROC       _SPI_INTERRUPT
  -------         PROC          _SPI_WRITE_BYTE
  D:0007H         SYMBOL        u8SPISel
  D:0005H         SYMBOL        u8SpiWB
  C:4928H         LINE#         105
  C:4928H         LINE#         106
  C:4928H         LINE#         108
  C:492BH         LINE#         110
  C:4932H         LINE#         111
  C:4932H         LINE#         112
  C:4932H         LINE#         113
  C:4934H         LINE#         114
  C:4939H         LINE#         115
  C:493FH         LINE#         116
  C:4940H         LINE#         117
  C:4940H         LINE#         118
  C:4944H         LINE#         119
  C:4949H         LINE#         120
  C:494FH         LINE#         121
  C:494FH         LINE#         122
  C:494FH         LINE#         124
  -------         ENDPROC       _SPI_WRITE_BYTE
  -------         PROC          _SPI_READ_BYTE
BL51 BANKED LINKER/LOCATER V6.22.2.0                                                  10/26/2020  19:32:15  PAGE 77


  D:0007H         SYMBOL        u8SPISel
  D:0005H         SYMBOL        u8SpiWB
  -------         DO            
  D:0006H         SYMBOL        u8SpiRB
  -------         ENDDO         
  C:472FH         LINE#         126
  C:472FH         LINE#         127
  C:472FH         LINE#         130
  C:4731H         LINE#         131
  C:4734H         LINE#         132
  C:473BH         LINE#         133
  C:473BH         LINE#         134
  C:473BH         LINE#         135
  C:473DH         LINE#         136
  C:4742H         LINE#         137
  C:4744H         LINE#         138
  C:474AH         LINE#         139
  C:474CH         LINE#         140
  C:474CH         LINE#         141
  C:4750H         LINE#         142
  C:4755H         LINE#         143
  C:4757H         LINE#         144
  C:475DH         LINE#         145
  C:475DH         LINE#         146
  C:475DH         LINE#         148
  C:475FH         LINE#         149
  C:4761H         LINE#         150
  -------         ENDPROC       _SPI_READ_BYTE
  -------         ENDMOD        SPI

  -------         MODULE        ?C_STARTUP
  C:38A3H         SEGMENT       ?C_C51STARTUP
  I:0022H         SEGMENT       ?STACK
  C:0000H         PUBLIC        ?C_STARTUP
  D:00E0H         SYMBOL        ACC
  D:00F0H         SYMBOL        B
  D:0083H         SYMBOL        DPH
  D:0082H         SYMBOL        DPL
  N:0000H         SYMBOL        IBPSTACK
  N:0100H         SYMBOL        IBPSTACKTOP
  N:0080H         SYMBOL        IDATALEN
  C:38A6H         SYMBOL        IDATALOOP
  N:0000H         SYMBOL        PBPSTACK
  N:0000H         SYMBOL        PBPSTACKTOP
  N:0000H         SYMBOL        PDATALEN
  N:0000H         SYMBOL        PDATASTART
  N:0000H         SYMBOL        PPAGE
  N:0000H         SYMBOL        PPAGEENABLE
  D:00A0H         SYMBOL        PPAGE_SFR
  D:0081H         SYMBOL        SP
  C:38A3H         SYMBOL        STARTUP1
  N:0000H         SYMBOL        XBPSTACK
  N:0000H         SYMBOL        XBPSTACKTOP
  N:0FFFH         SYMBOL        XDATALEN
  C:38B1H         SYMBOL        XDATALOOP
  N:0000H         SYMBOL        XDATASTART
  C:0000H         LINE#         94
BL51 BANKED LINKER/LOCATER V6.22.2.0                                                  10/26/2020  19:32:15  PAGE 78


  C:38A3H         LINE#         101
  C:38A5H         LINE#         102
  C:38A6H         LINE#         103
  C:38A7H         LINE#         104
  C:38A9H         LINE#         108
  C:38ACH         LINE#         109
  C:38AEH         LINE#         111
  C:38B0H         LINE#         115
  C:38B1H         LINE#         116
  C:38B2H         LINE#         117
  C:38B3H         LINE#         118
  C:38B5H         LINE#         119
  C:38B7H         LINE#         153
  C:38BAH         LINE#         157
  -------         ENDMOD        ?C_STARTUP

  -------         MODULE        ?C?CLDOPTR
  C:0FF0H         PUBLIC        ?C?CLDOPTR
  -------         ENDMOD        ?C?CLDOPTR

  -------         MODULE        ?C?CILDOPTR
  C:101DH         PUBLIC        ?C?CILDOPTR
  -------         ENDMOD        ?C?CILDOPTR

  -------         MODULE        ?C?CSTOPTR
  C:1050H         PUBLIC        ?C?CSTOPTR
  -------         ENDMOD        ?C?CSTOPTR

  -------         MODULE        ?C?IMUL
  C:1072H         PUBLIC        ?C?IMUL
  -------         ENDMOD        ?C?IMUL

  -------         MODULE        ?C?UIDIV
  C:1084H         PUBLIC        ?C?UIDIV
  -------         ENDMOD        ?C?UIDIV

  -------         MODULE        ?C?IILDX
  C:10D9H         PUBLIC        ?C?IILDX
  -------         ENDMOD        ?C?IILDX

  -------         MODULE        ?C?ISTPTR
  C:10EFH         PUBLIC        ?C?ISTPTR
  -------         ENDMOD        ?C?ISTPTR

  -------         MODULE        ?C?LMUL
  C:110EH         PUBLIC        ?C?LMUL
  -------         ENDMOD        ?C?LMUL

  -------         MODULE        ?C?ULDIV
  C:1199H         PUBLIC        ?C?ULDIV
  -------         ENDMOD        ?C?ULDIV

  -------         MODULE        ?C?ULSHR
  C:122BH         PUBLIC        ?C?ULSHR
  -------         ENDMOD        ?C?ULSHR

  -------         MODULE        ?C?SLSHR
BL51 BANKED LINKER/LOCATER V6.22.2.0                                                  10/26/2020  19:32:15  PAGE 79


  C:123EH         PUBLIC        ?C?SLSHR
  -------         ENDMOD        ?C?SLSHR

  -------         MODULE        ?C?LSTXDATA
  C:1252H         PUBLIC        ?C?LSTXDATA
  -------         ENDMOD        ?C?LSTXDATA

  -------         MODULE        ?C?LSTKXDATA
  C:125EH         PUBLIC        ?C?LSTKXDATA
  -------         ENDMOD        ?C?LSTKXDATA

  -------         MODULE        ?C?CCASE
  C:128FH         PUBLIC        ?C?CCASE
  -------         ENDMOD        ?C?CCASE

  -------         MODULE        ?C?ICASE
  C:12B5H         PUBLIC        ?C?ICASE
  -------         ENDMOD        ?C?ICASE

  -------         MODULE        PRINTF
  X:023AH         PUBLIC        ?_PRINTF517?BYTE
  X:023AH         PUBLIC        ?_PRINTF?BYTE
  X:023AH         PUBLIC        ?_SPRINTF517?BYTE
  X:023AH         PUBLIC        ?_SPRINTF?BYTE
  C:09B2H         PUBLIC        _PRINTF
  C:09B2H         PUBLIC        _PRINTF517
  C:09ACH         PUBLIC        _SPRINTF
  C:09ACH         PUBLIC        _SPRINTF517
  -------         ENDMOD        PRINTF

  -------         MODULE        ?C?CLDPTR
  C:12E2H         PUBLIC        ?C?CLDPTR
  -------         ENDMOD        ?C?CLDPTR

  -------         MODULE        ?C?CSTPTR
  C:12FBH         PUBLIC        ?C?CSTPTR
  -------         ENDMOD        ?C?CSTPTR

  -------         MODULE        ?C?PLDIXDATA
  C:130DH         PUBLIC        ?C?PLDIXDATA
  -------         ENDMOD        ?C?PLDIXDATA

  -------         MODULE        ?C?PSTXDATA
  C:1324H         PUBLIC        ?C?PSTXDATA
  -------         ENDMOD        ?C?PSTXDATA

Program Size: data=25.0 xdata=837 code=19931
LINK/LOCATE RUN COMPLETE.  0 WARNING(S),  0 ERROR(S)
